Archive member included to satisfy reference by file (symbol)

/opt/st/stm32cubeide_1.5.0/plugins/com.st.stm32cube.ide.mcu.externaltools.gnu-tools-for-stm32.7-2018-q2-update.linux64_1.5.0.202011040924/tools/bin/../lib/gcc/arm-none-eabi/7.3.1/../../../../arm-none-eabi/lib/thumb/v7-m/libc_nano.a(lib_a-errno.o)
                              Core/Src/syscalls.o (__errno)
/opt/st/stm32cubeide_1.5.0/plugins/com.st.stm32cube.ide.mcu.externaltools.gnu-tools-for-stm32.7-2018-q2-update.linux64_1.5.0.202011040924/tools/bin/../lib/gcc/arm-none-eabi/7.3.1/../../../../arm-none-eabi/lib/thumb/v7-m/libc_nano.a(lib_a-exit.o)
                              /opt/st/stm32cubeide_1.5.0/plugins/com.st.stm32cube.ide.mcu.externaltools.gnu-tools-for-stm32.7-2018-q2-update.linux64_1.5.0.202011040924/tools/bin/../lib/gcc/arm-none-eabi/7.3.1/../../../../arm-none-eabi/lib/thumb/v7-m/crt0.o (exit)
/opt/st/stm32cubeide_1.5.0/plugins/com.st.stm32cube.ide.mcu.externaltools.gnu-tools-for-stm32.7-2018-q2-update.linux64_1.5.0.202011040924/tools/bin/../lib/gcc/arm-none-eabi/7.3.1/../../../../arm-none-eabi/lib/thumb/v7-m/libc_nano.a(lib_a-impure.o)
                              /opt/st/stm32cubeide_1.5.0/plugins/com.st.stm32cube.ide.mcu.externaltools.gnu-tools-for-stm32.7-2018-q2-update.linux64_1.5.0.202011040924/tools/bin/../lib/gcc/arm-none-eabi/7.3.1/../../../../arm-none-eabi/lib/thumb/v7-m/libc_nano.a(lib_a-exit.o) (_global_impure_ptr)
/opt/st/stm32cubeide_1.5.0/plugins/com.st.stm32cube.ide.mcu.externaltools.gnu-tools-for-stm32.7-2018-q2-update.linux64_1.5.0.202011040924/tools/bin/../lib/gcc/arm-none-eabi/7.3.1/../../../../arm-none-eabi/lib/thumb/v7-m/libc_nano.a(lib_a-init.o)
                              /opt/st/stm32cubeide_1.5.0/plugins/com.st.stm32cube.ide.mcu.externaltools.gnu-tools-for-stm32.7-2018-q2-update.linux64_1.5.0.202011040924/tools/bin/../lib/gcc/arm-none-eabi/7.3.1/../../../../arm-none-eabi/lib/thumb/v7-m/crt0.o (__libc_init_array)
/opt/st/stm32cubeide_1.5.0/plugins/com.st.stm32cube.ide.mcu.externaltools.gnu-tools-for-stm32.7-2018-q2-update.linux64_1.5.0.202011040924/tools/bin/../lib/gcc/arm-none-eabi/7.3.1/../../../../arm-none-eabi/lib/thumb/v7-m/libc_nano.a(lib_a-memcpy-stub.o)
                              Middlewares/Third_Party/FreeRTOS/Source/CMSIS_RTOS_V2/cmsis_os2.o (memcpy)
/opt/st/stm32cubeide_1.5.0/plugins/com.st.stm32cube.ide.mcu.externaltools.gnu-tools-for-stm32.7-2018-q2-update.linux64_1.5.0.202011040924/tools/bin/../lib/gcc/arm-none-eabi/7.3.1/../../../../arm-none-eabi/lib/thumb/v7-m/libc_nano.a(lib_a-memset.o)
                              /opt/st/stm32cubeide_1.5.0/plugins/com.st.stm32cube.ide.mcu.externaltools.gnu-tools-for-stm32.7-2018-q2-update.linux64_1.5.0.202011040924/tools/bin/../lib/gcc/arm-none-eabi/7.3.1/../../../../arm-none-eabi/lib/thumb/v7-m/crt0.o (memset)

Allocating common symbols
Common symbol       size              file

getData1Handle      0x4               Core/Src/main.o
getData2Handle      0x4               Core/Src/main.o
htim4               0x48              Core/Src/main.o
hadc2               0x30              Core/Src/main.o
uwTick              0x4               Drivers/STM32F1xx_HAL_Driver/Src/stm32f1xx_hal.o
xQueueRegistry      0x40              Middlewares/Third_Party/FreeRTOS/Source/queue.o
pFlash              0x20              Drivers/STM32F1xx_HAL_Driver/Src/stm32f1xx_hal_flash.o
hadc1               0x30              Core/Src/main.o
driver2             0x6               motorDriverInterface/motorDriverInterface.o
huart1              0x40              Core/Src/main.o
sendData2Handle     0x4               Core/Src/main.o
val2                0x2               Core/Src/main.o
drv1                0x6               buttonController/buttonController.o
analogValue2        0x2               analogValuesController/analogValuesController.o
driver1             0x6               motorDriverInterface/motorDriverInterface.o
drv2                0x6               buttonController/buttonController.o
htim1               0x48              Core/Src/stm32f1xx_hal_timebase_tim.o
btnControlHandle    0x4               Core/Src/main.o
rec2Buff            0x9               motorDriverInterface/motorDriverInterface.o
sendData1Handle     0x4               Core/Src/main.o
huart2              0x40              Core/Src/main.o
val1                0x2               Core/Src/main.o
getFirstData1       0x1               motorDriverInterface/motorDriverInterface.o
analogValue1        0x2               analogValuesController/analogValuesController.o
readAdcHandle       0x4               Core/Src/main.o
rec1Buff            0x9               motorDriverInterface/motorDriverInterface.o
getFirstData2       0x1               motorDriverInterface/motorDriverInterface.o

Discarded input sections

[...]
Memory Configuration

Name             Origin             Length             Attributes
RAM              0x0000000020000000 0x0000000000005000 xrw
FLASH            0x0000000008000000 0x0000000000010000 xr
*default*        0x0000000000000000 0xffffffffffffffff

Linker script and memory map

LOAD /opt/st/stm32cubeide_1.5.0/plugins/com.st.stm32cube.ide.mcu.externaltools.gnu-tools-for-stm32.7-2018-q2-update.linux64_1.5.0.202011040924/tools/bin/../lib/gcc/arm-none-eabi/7.3.1/thumb/v7-m/crti.o
LOAD /opt/st/stm32cubeide_1.5.0/plugins/com.st.stm32cube.ide.mcu.externaltools.gnu-tools-for-stm32.7-2018-q2-update.linux64_1.5.0.202011040924/tools/bin/../lib/gcc/arm-none-eabi/7.3.1/thumb/v7-m/crtbegin.o
LOAD /opt/st/stm32cubeide_1.5.0/plugins/com.st.stm32cube.ide.mcu.externaltools.gnu-tools-for-stm32.7-2018-q2-update.linux64_1.5.0.202011040924/tools/bin/../lib/gcc/arm-none-eabi/7.3.1/../../../../arm-none-eabi/lib/thumb/v7-m/crt0.o
LOAD Core/Src/freertos.o
LOAD Core/Src/main.o
LOAD Core/Src/stm32f1xx_hal_msp.o
LOAD Core/Src/stm32f1xx_hal_timebase_tim.o
LOAD Core/Src/stm32f1xx_it.o
LOAD Core/Src/syscalls.o
LOAD Core/Src/sysmem.o
LOAD Core/Src/system_stm32f1xx.o
LOAD Core/Startup/startup_stm32f103c8tx.o
LOAD Drivers/STM32F1xx_HAL_Driver/Src/stm32f1xx_hal.o
LOAD Drivers/STM32F1xx_HAL_Driver/Src/stm32f1xx_hal_adc.o
LOAD Drivers/STM32F1xx_HAL_Driver/Src/stm32f1xx_hal_adc_ex.o
LOAD Drivers/STM32F1xx_HAL_Driver/Src/stm32f1xx_hal_cortex.o
LOAD Drivers/STM32F1xx_HAL_Driver/Src/stm32f1xx_hal_dma.o
LOAD Drivers/STM32F1xx_HAL_Driver/Src/stm32f1xx_hal_exti.o
LOAD Drivers/STM32F1xx_HAL_Driver/Src/stm32f1xx_hal_flash.o
LOAD Drivers/STM32F1xx_HAL_Driver/Src/stm32f1xx_hal_flash_ex.o
LOAD Drivers/STM32F1xx_HAL_Driver/Src/stm32f1xx_hal_gpio.o
LOAD Drivers/STM32F1xx_HAL_Driver/Src/stm32f1xx_hal_gpio_ex.o
LOAD Drivers/STM32F1xx_HAL_Driver/Src/stm32f1xx_hal_pwr.o
LOAD Drivers/STM32F1xx_HAL_Driver/Src/stm32f1xx_hal_rcc.o
LOAD Drivers/STM32F1xx_HAL_Driver/Src/stm32f1xx_hal_rcc_ex.o
LOAD Drivers/STM32F1xx_HAL_Driver/Src/stm32f1xx_hal_tim.o
LOAD Drivers/STM32F1xx_HAL_Driver/Src/stm32f1xx_hal_tim_ex.o
LOAD Drivers/STM32F1xx_HAL_Driver/Src/stm32f1xx_hal_uart.o
LOAD Middlewares/Third_Party/FreeRTOS/Source/CMSIS_RTOS_V2/cmsis_os2.o
LOAD Middlewares/Third_Party/FreeRTOS/Source/croutine.o
LOAD Middlewares/Third_Party/FreeRTOS/Source/event_groups.o
LOAD Middlewares/Third_Party/FreeRTOS/Source/list.o
LOAD Middlewares/Third_Party/FreeRTOS/Source/queue.o
LOAD Middlewares/Third_Party/FreeRTOS/Source/stream_buffer.o
LOAD Middlewares/Third_Party/FreeRTOS/Source/tasks.o
LOAD Middlewares/Third_Party/FreeRTOS/Source/timers.o
LOAD Middlewares/Third_Party/FreeRTOS/Source/portable/GCC/ARM_CM3/port.o
LOAD Middlewares/Third_Party/FreeRTOS/Source/portable/MemMang/heap_4.o
LOAD analogValuesController/analogValuesController.o
LOAD buttonController/buttonController.o
LOAD motorDriverInterface/motorDriverInterface.o
START GROUP
LOAD /opt/st/stm32cubeide_1.5.0/plugins/com.st.stm32cube.ide.mcu.externaltools.gnu-tools-for-stm32.7-2018-q2-update.linux64_1.5.0.202011040924/tools/bin/../lib/gcc/arm-none-eabi/7.3.1/../../../../arm-none-eabi/lib/thumb/v7-m/libc_nano.a
LOAD /opt/st/stm32cubeide_1.5.0/plugins/com.st.stm32cube.ide.mcu.externaltools.gnu-tools-for-stm32.7-2018-q2-update.linux64_1.5.0.202011040924/tools/bin/../lib/gcc/arm-none-eabi/7.3.1/../../../../arm-none-eabi/lib/thumb/v7-m/libm.a
END GROUP
START GROUP
LOAD /opt/st/stm32cubeide_1.5.0/plugins/com.st.stm32cube.ide.mcu.externaltools.gnu-tools-for-stm32.7-2018-q2-update.linux64_1.5.0.202011040924/tools/bin/../lib/gcc/arm-none-eabi/7.3.1/thumb/v7-m/libgcc.a
LOAD /opt/st/stm32cubeide_1.5.0/plugins/com.st.stm32cube.ide.mcu.externaltools.gnu-tools-for-stm32.7-2018-q2-update.linux64_1.5.0.202011040924/tools/bin/../lib/gcc/arm-none-eabi/7.3.1/../../../../arm-none-eabi/lib/thumb/v7-m/libc_nano.a
END GROUP
START GROUP
LOAD /opt/st/stm32cubeide_1.5.0/plugins/com.st.stm32cube.ide.mcu.externaltools.gnu-tools-for-stm32.7-2018-q2-update.linux64_1.5.0.202011040924/tools/bin/../lib/gcc/arm-none-eabi/7.3.1/thumb/v7-m/libgcc.a
LOAD /opt/st/stm32cubeide_1.5.0/plugins/com.st.stm32cube.ide.mcu.externaltools.gnu-tools-for-stm32.7-2018-q2-update.linux64_1.5.0.202011040924/tools/bin/../lib/gcc/arm-none-eabi/7.3.1/../../../../arm-none-eabi/lib/thumb/v7-m/libc_nano.a
LOAD /opt/st/stm32cubeide_1.5.0/plugins/com.st.stm32cube.ide.mcu.externaltools.gnu-tools-for-stm32.7-2018-q2-update.linux64_1.5.0.202011040924/tools/bin/../lib/gcc/arm-none-eabi/7.3.1/../../../../arm-none-eabi/lib/thumb/v7-m/libnosys.a
END GROUP
START GROUP
LOAD /opt/st/stm32cubeide_1.5.0/plugins/com.st.stm32cube.ide.mcu.externaltools.gnu-tools-for-stm32.7-2018-q2-update.linux64_1.5.0.202011040924/tools/bin/../lib/gcc/arm-none-eabi/7.3.1/thumb/v7-m/libgcc.a
LOAD /opt/st/stm32cubeide_1.5.0/plugins/com.st.stm32cube.ide.mcu.externaltools.gnu-tools-for-stm32.7-2018-q2-update.linux64_1.5.0.202011040924/tools/bin/../lib/gcc/arm-none-eabi/7.3.1/../../../../arm-none-eabi/lib/thumb/v7-m/libc_nano.a
LOAD /opt/st/stm32cubeide_1.5.0/plugins/com.st.stm32cube.ide.mcu.externaltools.gnu-tools-for-stm32.7-2018-q2-update.linux64_1.5.0.202011040924/tools/bin/../lib/gcc/arm-none-eabi/7.3.1/../../../../arm-none-eabi/lib/thumb/v7-m/libnosys.a
END GROUP
LOAD /opt/st/stm32cubeide_1.5.0/plugins/com.st.stm32cube.ide.mcu.externaltools.gnu-tools-for-stm32.7-2018-q2-update.linux64_1.5.0.202011040924/tools/bin/../lib/gcc/arm-none-eabi/7.3.1/thumb/v7-m/crtend.o
LOAD /opt/st/stm32cubeide_1.5.0/plugins/com.st.stm32cube.ide.mcu.externaltools.gnu-tools-for-stm32.7-2018-q2-update.linux64_1.5.0.202011040924/tools/bin/../lib/gcc/arm-none-eabi/7.3.1/thumb/v7-m/crtn.o
                0x0000000020005000                _estack = (ORIGIN (RAM) + LENGTH (RAM))
                0x0000000000000200                _Min_Heap_Size = 0x200
                0x0000000000000400                _Min_Stack_Size = 0x400

.isr_vector     0x0000000008000000      0x10c
                0x0000000008000000                . = ALIGN (0x4)
 *(.isr_vector)
 .isr_vector    0x0000000008000000      0x10c Core/Startup/startup_stm32f103c8tx.o
                0x0000000008000000                g_pfnVectors
                0x000000000800010c                . = ALIGN (0x4)

.text           0x0000000008000110     0x6314
                0x0000000008000110                . = ALIGN (0x4)
 *(.text)
 .text          0x0000000008000110       0x40 /opt/st/stm32cubeide_1.5.0/plugins/com.st.stm32cube.ide.mcu.externaltools.gnu-tools-for-stm32.7-2018-q2-update.linux64_1.5.0.202011040924/tools/bin/../lib/gcc/arm-none-eabi/7.3.1/thumb/v7-m/crtbegin.o
 *(.text*)
 .text.main     0x0000000008000150       0xd8 Core/Src/main.o
                0x0000000008000150                main
 .text.SystemClock_Config
                0x0000000008000228       0xb6 Core/Src/main.o
                0x0000000008000228                SystemClock_Config
 *fill*         0x00000000080002de        0x2 
 .text.MX_ADC1_Init
                0x00000000080002e0       0x7c Core/Src/main.o
 .text.MX_ADC2_Init
                0x000000000800035c       0x7c Core/Src/main.o
 .text.MX_TIM4_Init
                0x00000000080003d8       0x9c Core/Src/main.o
 .text.MX_USART1_UART_Init
                0x0000000008000474       0x54 Core/Src/main.o
 .text.MX_USART2_UART_Init
                0x00000000080004c8       0x54 Core/Src/main.o
 .text.MX_GPIO_Init
                0x000000000800051c       0x6c Core/Src/main.o
 .text.sendData1Task
                0x0000000008000588       0x14 Core/Src/main.o
                0x0000000008000588                sendData1Task
 .text.sendData2Task
                0x000000000800059c       0x14 Core/Src/main.o
                0x000000000800059c                sendData2Task
 .text.readAdcTask
                0x00000000080005b0       0x74 Core/Src/main.o
                0x00000000080005b0                readAdcTask
 .text.getData1Task
                0x0000000008000624       0x14 Core/Src/main.o
                0x0000000008000624                getData1Task
 .text.getData2Task
                0x0000000008000638       0x14 Core/Src/main.o
                0x0000000008000638                getData2Task
 .text.btnControlTask
                0x000000000800064c       0x18 Core/Src/main.o
                0x000000000800064c                btnControlTask
 .text.HAL_TIM_PeriodElapsedCallback
                0x0000000008000664       0x24 Core/Src/main.o
                0x0000000008000664                HAL_TIM_PeriodElapsedCallback
 .text.Error_Handler
                0x0000000008000688        0x8 Core/Src/main.o
                0x0000000008000688                Error_Handler
 .text.HAL_MspInit
                0x0000000008000690       0x70 Core/Src/stm32f1xx_hal_msp.o
                0x0000000008000690                HAL_MspInit
 .text.HAL_ADC_MspInit
                0x0000000008000700       0xcc Core/Src/stm32f1xx_hal_msp.o
                0x0000000008000700                HAL_ADC_MspInit
 .text.HAL_TIM_Base_MspInit
                0x00000000080007cc       0x4c Core/Src/stm32f1xx_hal_msp.o
                0x00000000080007cc                HAL_TIM_Base_MspInit
 .text.HAL_UART_MspInit
                0x0000000008000818      0x108 Core/Src/stm32f1xx_hal_msp.o
                0x0000000008000818                HAL_UART_MspInit
 .text.HAL_InitTick
                0x0000000008000920       0xac Core/Src/stm32f1xx_hal_timebase_tim.o
                0x0000000008000920                HAL_InitTick
 .text.NMI_Handler
                0x00000000080009cc        0x6 Core/Src/stm32f1xx_it.o
                0x00000000080009cc                NMI_Handler
 .text.HardFault_Handler
                0x00000000080009d2        0x6 Core/Src/stm32f1xx_it.o
                0x00000000080009d2                HardFault_Handler
 .text.MemManage_Handler
                0x00000000080009d8        0x6 Core/Src/stm32f1xx_it.o
                0x00000000080009d8                MemManage_Handler
 .text.BusFault_Handler
                0x00000000080009de        0x6 Core/Src/stm32f1xx_it.o
                0x00000000080009de                BusFault_Handler
 .text.UsageFault_Handler
                0x00000000080009e4        0x6 Core/Src/stm32f1xx_it.o
                0x00000000080009e4                UsageFault_Handler
 .text.DebugMon_Handler
                0x00000000080009ea        0xc Core/Src/stm32f1xx_it.o
                0x00000000080009ea                DebugMon_Handler
 *fill*         0x00000000080009f6        0x2 
 .text.TIM1_UP_IRQHandler
                0x00000000080009f8       0x14 Core/Src/stm32f1xx_it.o
                0x00000000080009f8                TIM1_UP_IRQHandler
 .text.TIM4_IRQHandler
                0x0000000008000a0c       0x18 Core/Src/stm32f1xx_it.o
                0x0000000008000a0c                TIM4_IRQHandler
 .text.SystemInit
                0x0000000008000a24        0xc Core/Src/system_stm32f1xx.o
                0x0000000008000a24                SystemInit
 .text.Reset_Handler
                0x0000000008000a30       0x48 Core/Startup/startup_stm32f103c8tx.o
                0x0000000008000a30                Reset_Handler
 .text.Default_Handler
                0x0000000008000a78        0x2 Core/Startup/startup_stm32f103c8tx.o
                0x0000000008000a78                RTC_Alarm_IRQHandler
                0x0000000008000a78                EXTI2_IRQHandler
                0x0000000008000a78                TIM1_CC_IRQHandler
                0x0000000008000a78                PVD_IRQHandler
                0x0000000008000a78                EXTI3_IRQHandler
                0x0000000008000a78                EXTI0_IRQHandler
                0x0000000008000a78                I2C2_EV_IRQHandler
                0x0000000008000a78                ADC1_2_IRQHandler
                0x0000000008000a78                SPI1_IRQHandler
                0x0000000008000a78                TAMPER_IRQHandler
                0x0000000008000a78                DMA1_Channel4_IRQHandler
                0x0000000008000a78                USART3_IRQHandler
                0x0000000008000a78                RTC_IRQHandler
                0x0000000008000a78                DMA1_Channel7_IRQHandler
                0x0000000008000a78                CAN1_RX1_IRQHandler
                0x0000000008000a78                I2C1_EV_IRQHandler
                0x0000000008000a78                DMA1_Channel6_IRQHandler
                0x0000000008000a78                TIM3_IRQHandler
                0x0000000008000a78                RCC_IRQHandler
                0x0000000008000a78                TIM1_TRG_COM_IRQHandler
                0x0000000008000a78                DMA1_Channel1_IRQHandler
                0x0000000008000a78                Default_Handler
                0x0000000008000a78                EXTI15_10_IRQHandler
                0x0000000008000a78                EXTI9_5_IRQHandler
                0x0000000008000a78                SPI2_IRQHandler
                0x0000000008000a78                DMA1_Channel5_IRQHandler
                0x0000000008000a78                EXTI4_IRQHandler
                0x0000000008000a78                USB_LP_CAN1_RX0_IRQHandler
                0x0000000008000a78                USB_HP_CAN1_TX_IRQHandler
                0x0000000008000a78                DMA1_Channel3_IRQHandler
                0x0000000008000a78                WWDG_IRQHandler
                0x0000000008000a78                TIM2_IRQHandler
                0x0000000008000a78                TIM1_BRK_IRQHandler
                0x0000000008000a78                EXTI1_IRQHandler
                0x0000000008000a78                USART2_IRQHandler
                0x0000000008000a78                I2C2_ER_IRQHandler
                0x0000000008000a78                DMA1_Channel2_IRQHandler
                0x0000000008000a78                CAN1_SCE_IRQHandler
                0x0000000008000a78                FLASH_IRQHandler
                0x0000000008000a78                USART1_IRQHandler
                0x0000000008000a78                I2C1_ER_IRQHandler
                0x0000000008000a78                USBWakeUp_IRQHandler
 *fill*         0x0000000008000a7a        0x2 
 .text.HAL_Init
                0x0000000008000a7c       0x2c Drivers/STM32F1xx_HAL_Driver/Src/stm32f1xx_hal.o
                0x0000000008000a7c                HAL_Init
 .text.HAL_IncTick
                0x0000000008000aa8       0x24 Drivers/STM32F1xx_HAL_Driver/Src/stm32f1xx_hal.o
                0x0000000008000aa8                HAL_IncTick
 .text.HAL_GetTick
                0x0000000008000acc       0x14 Drivers/STM32F1xx_HAL_Driver/Src/stm32f1xx_hal.o
                0x0000000008000acc                HAL_GetTick
 .text.HAL_ADC_Init
                0x0000000008000ae0      0x1b0 Drivers/STM32F1xx_HAL_Driver/Src/stm32f1xx_hal_adc.o
                0x0000000008000ae0                HAL_ADC_Init
 .text.HAL_ADC_Start
                0x0000000008000c90      0x15c Drivers/STM32F1xx_HAL_Driver/Src/stm32f1xx_hal_adc.o
                0x0000000008000c90                HAL_ADC_Start
 .text.HAL_ADC_Stop
                0x0000000008000dec       0x58 Drivers/STM32F1xx_HAL_Driver/Src/stm32f1xx_hal_adc.o
                0x0000000008000dec                HAL_ADC_Stop
 .text.HAL_ADC_PollForConversion
                0x0000000008000e44      0x1f4 Drivers/STM32F1xx_HAL_Driver/Src/stm32f1xx_hal_adc.o
                0x0000000008000e44                HAL_ADC_PollForConversion
 .text.HAL_ADC_GetValue
                0x0000000008001038       0x18 Drivers/STM32F1xx_HAL_Driver/Src/stm32f1xx_hal_adc.o
                0x0000000008001038                HAL_ADC_GetValue
 .text.HAL_ADC_ConfigChannel
                0x0000000008001050      0x1f0 Drivers/STM32F1xx_HAL_Driver/Src/stm32f1xx_hal_adc.o
                0x0000000008001050                HAL_ADC_ConfigChannel
 .text.ADC_Enable
                0x0000000008001240       0xa4 Drivers/STM32F1xx_HAL_Driver/Src/stm32f1xx_hal_adc.o
                0x0000000008001240                ADC_Enable
 .text.ADC_ConversionStop_Disable
                0x00000000080012e4       0x74 Drivers/STM32F1xx_HAL_Driver/Src/stm32f1xx_hal_adc.o
                0x00000000080012e4                ADC_ConversionStop_Disable
 .text.__NVIC_SetPriorityGrouping
                0x0000000008001358       0x48 Drivers/STM32F1xx_HAL_Driver/Src/stm32f1xx_hal_cortex.o
 .text.__NVIC_GetPriorityGrouping
                0x00000000080013a0       0x1c Drivers/STM32F1xx_HAL_Driver/Src/stm32f1xx_hal_cortex.o
 .text.__NVIC_EnableIRQ
                0x00000000080013bc       0x38 Drivers/STM32F1xx_HAL_Driver/Src/stm32f1xx_hal_cortex.o
 .text.__NVIC_SetPriority
                0x00000000080013f4       0x54 Drivers/STM32F1xx_HAL_Driver/Src/stm32f1xx_hal_cortex.o
 .text.NVIC_EncodePriority
                0x0000000008001448       0x64 Drivers/STM32F1xx_HAL_Driver/Src/stm32f1xx_hal_cortex.o
 .text.HAL_NVIC_SetPriorityGrouping
                0x00000000080014ac       0x16 Drivers/STM32F1xx_HAL_Driver/Src/stm32f1xx_hal_cortex.o
                0x00000000080014ac                HAL_NVIC_SetPriorityGrouping
 .text.HAL_NVIC_SetPriority
                0x00000000080014c2       0x38 Drivers/STM32F1xx_HAL_Driver/Src/stm32f1xx_hal_cortex.o
                0x00000000080014c2                HAL_NVIC_SetPriority
 .text.HAL_NVIC_EnableIRQ
                0x00000000080014fa       0x1c Drivers/STM32F1xx_HAL_Driver/Src/stm32f1xx_hal_cortex.o
                0x00000000080014fa                HAL_NVIC_EnableIRQ
 *fill*         0x0000000008001516        0x2 
 .text.HAL_GPIO_Init
                0x0000000008001518      0x2b4 Drivers/STM32F1xx_HAL_Driver/Src/stm32f1xx_hal_gpio.o
                0x0000000008001518                HAL_GPIO_Init
 .text.HAL_GPIO_ReadPin
                0x00000000080017cc       0x2e Drivers/STM32F1xx_HAL_Driver/Src/stm32f1xx_hal_gpio.o
                0x00000000080017cc                HAL_GPIO_ReadPin
 *fill*         0x00000000080017fa        0x2 
 .text.HAL_RCC_OscConfig
                0x00000000080017fc      0x500 Drivers/STM32F1xx_HAL_Driver/Src/stm32f1xx_hal_rcc.o
                0x00000000080017fc                HAL_RCC_OscConfig
 .text.HAL_RCC_ClockConfig
                0x0000000008001cfc      0x1d4 Drivers/STM32F1xx_HAL_Driver/Src/stm32f1xx_hal_rcc.o
                0x0000000008001cfc                HAL_RCC_ClockConfig
 .text.HAL_RCC_GetSysClockFreq
                0x0000000008001ed0       0xc4 Drivers/STM32F1xx_HAL_Driver/Src/stm32f1xx_hal_rcc.o
                0x0000000008001ed0                HAL_RCC_GetSysClockFreq
 .text.HAL_RCC_GetHCLKFreq
                0x0000000008001f94       0x14 Drivers/STM32F1xx_HAL_Driver/Src/stm32f1xx_hal_rcc.o
                0x0000000008001f94                HAL_RCC_GetHCLKFreq
 .text.HAL_RCC_GetPCLK1Freq
                0x0000000008001fa8       0x28 Drivers/STM32F1xx_HAL_Driver/Src/stm32f1xx_hal_rcc.o
                0x0000000008001fa8                HAL_RCC_GetPCLK1Freq
 .text.HAL_RCC_GetPCLK2Freq
                0x0000000008001fd0       0x28 Drivers/STM32F1xx_HAL_Driver/Src/stm32f1xx_hal_rcc.o
                0x0000000008001fd0                HAL_RCC_GetPCLK2Freq
 .text.HAL_RCC_GetClockConfig
                0x0000000008001ff8       0x60 Drivers/STM32F1xx_HAL_Driver/Src/stm32f1xx_hal_rcc.o
                0x0000000008001ff8                HAL_RCC_GetClockConfig
 .text.RCC_Delay
                0x0000000008002058       0x3c Drivers/STM32F1xx_HAL_Driver/Src/stm32f1xx_hal_rcc.o
 .text.HAL_RCCEx_PeriphCLKConfig
                0x0000000008002094      0x16c Drivers/STM32F1xx_HAL_Driver/Src/stm32f1xx_hal_rcc_ex.o
                0x0000000008002094                HAL_RCCEx_PeriphCLKConfig
 .text.HAL_RCCEx_GetPeriphCLKFreq
                0x0000000008002200      0x178 Drivers/STM32F1xx_HAL_Driver/Src/stm32f1xx_hal_rcc_ex.o
                0x0000000008002200                HAL_RCCEx_GetPeriphCLKFreq
 .text.HAL_TIM_Base_Init
                0x0000000008002378       0x9e Drivers/STM32F1xx_HAL_Driver/Src/stm32f1xx_hal_tim.o
                0x0000000008002378                HAL_TIM_Base_Init
 *fill*         0x0000000008002416        0x2 
 .text.HAL_TIM_Base_Start_IT
                0x0000000008002418       0xa4 Drivers/STM32F1xx_HAL_Driver/Src/stm32f1xx_hal_tim.o
                0x0000000008002418                HAL_TIM_Base_Start_IT
 .text.HAL_TIM_IRQHandler
                0x00000000080024bc      0x210 Drivers/STM32F1xx_HAL_Driver/Src/stm32f1xx_hal_tim.o
                0x00000000080024bc                HAL_TIM_IRQHandler
 .text.HAL_TIM_ConfigClockSource
                0x00000000080026cc      0x16e Drivers/STM32F1xx_HAL_Driver/Src/stm32f1xx_hal_tim.o
                0x00000000080026cc                HAL_TIM_ConfigClockSource
 .text.HAL_TIM_OC_DelayElapsedCallback
                0x000000000800283a       0x12 Drivers/STM32F1xx_HAL_Driver/Src/stm32f1xx_hal_tim.o
                0x000000000800283a                HAL_TIM_OC_DelayElapsedCallback
 .text.HAL_TIM_IC_CaptureCallback
                0x000000000800284c       0x12 Drivers/STM32F1xx_HAL_Driver/Src/stm32f1xx_hal_tim.o
                0x000000000800284c                HAL_TIM_IC_CaptureCallback
 .text.HAL_TIM_PWM_PulseFinishedCallback
                0x000000000800285e       0x12 Drivers/STM32F1xx_HAL_Driver/Src/stm32f1xx_hal_tim.o
                0x000000000800285e                HAL_TIM_PWM_PulseFinishedCallback
 .text.HAL_TIM_TriggerCallback
                0x0000000008002870       0x12 Drivers/STM32F1xx_HAL_Driver/Src/stm32f1xx_hal_tim.o
                0x0000000008002870                HAL_TIM_TriggerCallback
 *fill*         0x0000000008002882        0x2 
 .text.TIM_Base_SetConfig
                0x0000000008002884       0xc4 Drivers/STM32F1xx_HAL_Driver/Src/stm32f1xx_hal_tim.o
                0x0000000008002884                TIM_Base_SetConfig
 .text.TIM_TI1_ConfigInputStage
                0x0000000008002948       0x5c Drivers/STM32F1xx_HAL_Driver/Src/stm32f1xx_hal_tim.o
 .text.TIM_TI2_ConfigInputStage
                0x00000000080029a4       0x5e Drivers/STM32F1xx_HAL_Driver/Src/stm32f1xx_hal_tim.o
 .text.TIM_ITRx_SetConfig
                0x0000000008002a02       0x34 Drivers/STM32F1xx_HAL_Driver/Src/stm32f1xx_hal_tim.o
 .text.TIM_ETR_SetConfig
                0x0000000008002a36       0x3e Drivers/STM32F1xx_HAL_Driver/Src/stm32f1xx_hal_tim.o
                0x0000000008002a36                TIM_ETR_SetConfig
 .text.HAL_TIMEx_MasterConfigSynchronization
                0x0000000008002a74       0xbc Drivers/STM32F1xx_HAL_Driver/Src/stm32f1xx_hal_tim_ex.o
                0x0000000008002a74                HAL_TIMEx_MasterConfigSynchronization
 .text.HAL_TIMEx_CommutCallback
                0x0000000008002b30       0x12 Drivers/STM32F1xx_HAL_Driver/Src/stm32f1xx_hal_tim_ex.o
                0x0000000008002b30                HAL_TIMEx_CommutCallback
 .text.HAL_TIMEx_BreakCallback
                0x0000000008002b42       0x12 Drivers/STM32F1xx_HAL_Driver/Src/stm32f1xx_hal_tim_ex.o
                0x0000000008002b42                HAL_TIMEx_BreakCallback
 .text.HAL_UART_Init
                0x0000000008002b54       0x9a Drivers/STM32F1xx_HAL_Driver/Src/stm32f1xx_hal_uart.o
                0x0000000008002b54                HAL_UART_Init
 .text.HAL_UART_Transmit
                0x0000000008002bee      0x124 Drivers/STM32F1xx_HAL_Driver/Src/stm32f1xx_hal_uart.o
                0x0000000008002bee                HAL_UART_Transmit
 .text.HAL_UART_Receive
                0x0000000008002d12      0x13e Drivers/STM32F1xx_HAL_Driver/Src/stm32f1xx_hal_uart.o
                0x0000000008002d12                HAL_UART_Receive
 .text.UART_WaitOnFlagUntilTimeout
                0x0000000008002e50       0x94 Drivers/STM32F1xx_HAL_Driver/Src/stm32f1xx_hal_uart.o
 .text.UART_SetConfig
                0x0000000008002ee4      0x11c Drivers/STM32F1xx_HAL_Driver/Src/stm32f1xx_hal_uart.o
 .text.osKernelInitialize
                0x0000000008003000       0x64 Middlewares/Third_Party/FreeRTOS/Source/CMSIS_RTOS_V2/cmsis_os2.o
                0x0000000008003000                osKernelInitialize
 .text.osKernelStart
                0x0000000008003064       0x68 Middlewares/Third_Party/FreeRTOS/Source/CMSIS_RTOS_V2/cmsis_os2.o
                0x0000000008003064                osKernelStart
 .text.osThreadNew
                0x00000000080030cc      0x154 Middlewares/Third_Party/FreeRTOS/Source/CMSIS_RTOS_V2/cmsis_os2.o
                0x00000000080030cc                osThreadNew
 .text.osDelay  0x0000000008003220       0x5c Middlewares/Third_Party/FreeRTOS/Source/CMSIS_RTOS_V2/cmsis_os2.o
                0x0000000008003220                osDelay
 .text.vApplicationGetIdleTaskMemory
                0x000000000800327c       0x30 Middlewares/Third_Party/FreeRTOS/Source/CMSIS_RTOS_V2/cmsis_os2.o
                0x000000000800327c                vApplicationGetIdleTaskMemory
 .text.vApplicationGetTimerTaskMemory
                0x00000000080032ac       0x34 Middlewares/Third_Party/FreeRTOS/Source/CMSIS_RTOS_V2/cmsis_os2.o
                0x00000000080032ac                vApplicationGetTimerTaskMemory
 .text.vListInitialise
                0x00000000080032e0       0x3e Middlewares/Third_Party/FreeRTOS/Source/list.o
                0x00000000080032e0                vListInitialise
 .text.vListInitialiseItem
                0x000000000800331e       0x18 Middlewares/Third_Party/FreeRTOS/Source/list.o
                0x000000000800331e                vListInitialiseItem
 .text.vListInsertEnd
                0x0000000008003336       0x46 Middlewares/Third_Party/FreeRTOS/Source/list.o
                0x0000000008003336                vListInsertEnd
 .text.vListInsert
                0x000000000800337c       0x70 Middlewares/Third_Party/FreeRTOS/Source/list.o
                0x000000000800337c                vListInsert
 .text.uxListRemove
                0x00000000080033ec       0x52 Middlewares/Third_Party/FreeRTOS/Source/list.o
                0x00000000080033ec                uxListRemove
 *fill*         0x000000000800343e        0x2 
 .text.xQueueGenericReset
                0x0000000008003440       0xd0 Middlewares/Third_Party/FreeRTOS/Source/queue.o
                0x0000000008003440                xQueueGenericReset
 .text.xQueueGenericCreateStatic
                0x0000000008003510       0xe4 Middlewares/Third_Party/FreeRTOS/Source/queue.o
                0x0000000008003510                xQueueGenericCreateStatic
 .text.prvInitialiseNewQueue
                0x00000000080035f4       0x46 Middlewares/Third_Party/FreeRTOS/Source/queue.o
 *fill*         0x000000000800363a        0x2 
 .text.xQueueGenericSend
                0x000000000800363c      0x1f4 Middlewares/Third_Party/FreeRTOS/Source/queue.o
                0x000000000800363c                xQueueGenericSend
 .text.xQueueGenericSendFromISR
                0x0000000008003830      0x128 Middlewares/Third_Party/FreeRTOS/Source/queue.o
                0x0000000008003830                xQueueGenericSendFromISR
 .text.xQueueReceive
                0x0000000008003958      0x1b8 Middlewares/Third_Party/FreeRTOS/Source/queue.o
                0x0000000008003958                xQueueReceive
 .text.prvCopyDataToQueue
                0x0000000008003b10       0xd4 Middlewares/Third_Party/FreeRTOS/Source/queue.o
 .text.prvCopyDataFromQueue
                0x0000000008003be4       0x4c Middlewares/Third_Party/FreeRTOS/Source/queue.o
 .text.prvUnlockQueue
                0x0000000008003c30       0xa4 Middlewares/Third_Party/FreeRTOS/Source/queue.o
 .text.prvIsQueueEmpty
                0x0000000008003cd4       0x2c Middlewares/Third_Party/FreeRTOS/Source/queue.o
 .text.prvIsQueueFull
                0x0000000008003d00       0x30 Middlewares/Third_Party/FreeRTOS/Source/queue.o
 .text.vQueueAddToRegistry
                0x0000000008003d30       0x50 Middlewares/Third_Party/FreeRTOS/Source/queue.o
                0x0000000008003d30                vQueueAddToRegistry
 .text.vQueueWaitForMessageRestricted
                0x0000000008003d80       0x68 Middlewares/Third_Party/FreeRTOS/Source/queue.o
                0x0000000008003d80                vQueueWaitForMessageRestricted
 .text.xTaskCreateStatic
                0x0000000008003de8       0xb2 Middlewares/Third_Party/FreeRTOS/Source/tasks.o
                0x0000000008003de8                xTaskCreateStatic
 .text.xTaskCreate
                0x0000000008003e9a       0x8a Middlewares/Third_Party/FreeRTOS/Source/tasks.o
                0x0000000008003e9a                xTaskCreate
 .text.prvInitialiseNewTask
                0x0000000008003f24      0x10c Middlewares/Third_Party/FreeRTOS/Source/tasks.o
 .text.prvAddNewTaskToReadyList
                0x0000000008004030       0xe0 Middlewares/Third_Party/FreeRTOS/Source/tasks.o
 .text.vTaskDelay
                0x0000000008004110       0x68 Middlewares/Third_Party/FreeRTOS/Source/tasks.o
                0x0000000008004110                vTaskDelay
 .text.vTaskStartScheduler
                0x0000000008004178       0xc8 Middlewares/Third_Party/FreeRTOS/Source/tasks.o
                0x0000000008004178                vTaskStartScheduler
 .text.vTaskSuspendAll
                0x0000000008004240       0x1c Middlewares/Third_Party/FreeRTOS/Source/tasks.o
                0x0000000008004240                vTaskSuspendAll
 .text.xTaskResumeAll
                0x000000000800425c      0x138 Middlewares/Third_Party/FreeRTOS/Source/tasks.o
                0x000000000800425c                xTaskResumeAll
 .text.xTaskGetTickCount
                0x0000000008004394       0x1c Middlewares/Third_Party/FreeRTOS/Source/tasks.o
                0x0000000008004394                xTaskGetTickCount
 .text.xTaskIncrementTick
                0x00000000080043b0      0x17c Middlewares/Third_Party/FreeRTOS/Source/tasks.o
                0x00000000080043b0                xTaskIncrementTick
 .text.vTaskSwitchContext
                0x000000000800452c       0xb8 Middlewares/Third_Party/FreeRTOS/Source/tasks.o
                0x000000000800452c                vTaskSwitchContext
 .text.vTaskPlaceOnEventList
                0x00000000080045e4       0x48 Middlewares/Third_Party/FreeRTOS/Source/tasks.o
                0x00000000080045e4                vTaskPlaceOnEventList
 .text.vTaskPlaceOnEventListRestricted
                0x000000000800462c       0x54 Middlewares/Third_Party/FreeRTOS/Source/tasks.o
                0x000000000800462c                vTaskPlaceOnEventListRestricted
 .text.xTaskRemoveFromEventList
                0x0000000008004680       0xc4 Middlewares/Third_Party/FreeRTOS/Source/tasks.o
                0x0000000008004680                xTaskRemoveFromEventList
 .text.vTaskInternalSetTimeOutState
                0x0000000008004744       0x2c Middlewares/Third_Party/FreeRTOS/Source/tasks.o
                0x0000000008004744                vTaskInternalSetTimeOutState
 .text.xTaskCheckForTimeOut
                0x0000000008004770       0xc0 Middlewares/Third_Party/FreeRTOS/Source/tasks.o
                0x0000000008004770                xTaskCheckForTimeOut
 .text.vTaskMissedYield
                0x0000000008004830       0x18 Middlewares/Third_Party/FreeRTOS/Source/tasks.o
                0x0000000008004830                vTaskMissedYield
 .text.prvIdleTask
                0x0000000008004848       0x30 Middlewares/Third_Party/FreeRTOS/Source/tasks.o
 .text.prvInitialiseTaskLists
                0x0000000008004878       0x80 Middlewares/Third_Party/FreeRTOS/Source/tasks.o
 .text.prvCheckTasksWaitingTermination
                0x00000000080048f8       0x58 Middlewares/Third_Party/FreeRTOS/Source/tasks.o
 .text.prvDeleteTCB
                0x0000000008004950       0x5c Middlewares/Third_Party/FreeRTOS/Source/tasks.o
 .text.prvResetNextTaskUnblockTime
                0x00000000080049ac       0x48 Middlewares/Third_Party/FreeRTOS/Source/tasks.o
 .text.xTaskGetSchedulerState
                0x00000000080049f4       0x3c Middlewares/Third_Party/FreeRTOS/Source/tasks.o
                0x00000000080049f4                xTaskGetSchedulerState
 .text.xTaskPriorityDisinherit
                0x0000000008004a30       0xd8 Middlewares/Third_Party/FreeRTOS/Source/tasks.o
                0x0000000008004a30                xTaskPriorityDisinherit
 .text.prvAddCurrentTaskToDelayedList
                0x0000000008004b08       0xa8 Middlewares/Third_Party/FreeRTOS/Source/tasks.o
 .text.xTimerCreateTimerTask
                0x0000000008004bb0       0x90 Middlewares/Third_Party/FreeRTOS/Source/timers.o
                0x0000000008004bb0                xTimerCreateTimerTask
 .text.xTimerGenericCommand
                0x0000000008004c40       0x98 Middlewares/Third_Party/FreeRTOS/Source/timers.o
                0x0000000008004c40                xTimerGenericCommand
 .text.prvProcessExpiredTimer
                0x0000000008004cd8       0x80 Middlewares/Third_Party/FreeRTOS/Source/timers.o
 .text.prvTimerTask
                0x0000000008004d58       0x24 Middlewares/Third_Party/FreeRTOS/Source/timers.o
 .text.prvProcessTimerOrBlockTask
                0x0000000008004d7c       0x9c Middlewares/Third_Party/FreeRTOS/Source/timers.o
 .text.prvGetNextExpireTime
                0x0000000008004e18       0x48 Middlewares/Third_Party/FreeRTOS/Source/timers.o
 .text.prvSampleTimeNow
                0x0000000008004e60       0x40 Middlewares/Third_Party/FreeRTOS/Source/timers.o
 .text.prvInsertTimerInActiveList
                0x0000000008004ea0       0x84 Middlewares/Third_Party/FreeRTOS/Source/timers.o
 .text.prvProcessReceivedCommands
                0x0000000008004f24      0x160 Middlewares/Third_Party/FreeRTOS/Source/timers.o
 .text.prvSwitchTimerLists
                0x0000000008005084       0xc0 Middlewares/Third_Party/FreeRTOS/Source/timers.o
 .text.prvCheckForValidListAndQueue
                0x0000000008005144       0x80 Middlewares/Third_Party/FreeRTOS/Source/timers.o
 .text.pxPortInitialiseStack
                0x00000000080051c4       0x58 Middlewares/Third_Party/FreeRTOS/Source/portable/GCC/ARM_CM3/port.o
                0x00000000080051c4                pxPortInitialiseStack
 .text.prvTaskExitError
                0x000000000800521c       0x50 Middlewares/Third_Party/FreeRTOS/Source/portable/GCC/ARM_CM3/port.o
 *fill*         0x000000000800526c        0x4 
 .text.SVC_Handler
                0x0000000008005270       0x28 Middlewares/Third_Party/FreeRTOS/Source/portable/GCC/ARM_CM3/port.o
                0x0000000008005270                SVC_Handler
 .text.prvPortStartFirstTask
                0x0000000008005298       0x20 Middlewares/Third_Party/FreeRTOS/Source/portable/GCC/ARM_CM3/port.o
 .text.xPortStartScheduler
                0x00000000080052b8       0xe0 Middlewares/Third_Party/FreeRTOS/Source/portable/GCC/ARM_CM3/port.o
                0x00000000080052b8                xPortStartScheduler
 .text.vPortEnterCritical
                0x0000000008005398       0x5c Middlewares/Third_Party/FreeRTOS/Source/portable/GCC/ARM_CM3/port.o
                0x0000000008005398                vPortEnterCritical
 .text.vPortExitCritical
                0x00000000080053f4       0x4c Middlewares/Third_Party/FreeRTOS/Source/portable/GCC/ARM_CM3/port.o
                0x00000000080053f4                vPortExitCritical
 .text.PendSV_Handler
                0x0000000008005440       0x48 Middlewares/Third_Party/FreeRTOS/Source/portable/GCC/ARM_CM3/port.o
                0x0000000008005440                PendSV_Handler
 .text.SysTick_Handler
                0x0000000008005488       0x40 Middlewares/Third_Party/FreeRTOS/Source/portable/GCC/ARM_CM3/port.o
                0x0000000008005488                SysTick_Handler
 .text.vPortSetupTimerInterrupt
                0x00000000080054c8       0x44 Middlewares/Third_Party/FreeRTOS/Source/portable/GCC/ARM_CM3/port.o
                0x00000000080054c8                vPortSetupTimerInterrupt
 .text.vPortValidateInterruptPriority
                0x000000000800550c       0x78 Middlewares/Third_Party/FreeRTOS/Source/portable/GCC/ARM_CM3/port.o
                0x000000000800550c                vPortValidateInterruptPriority
 .text.pvPortMalloc
                0x0000000008005584      0x184 Middlewares/Third_Party/FreeRTOS/Source/portable/MemMang/heap_4.o
                0x0000000008005584                pvPortMalloc
 .text.vPortFree
                0x0000000008005708       0xb0 Middlewares/Third_Party/FreeRTOS/Source/portable/MemMang/heap_4.o
                0x0000000008005708                vPortFree
 .text.prvHeapInit
                0x00000000080057b8       0xc4 Middlewares/Third_Party/FreeRTOS/Source/portable/MemMang/heap_4.o
 .text.prvInsertBlockIntoFreeList
                0x000000000800587c       0xb0 Middlewares/Third_Party/FreeRTOS/Source/portable/MemMang/heap_4.o
 .text.readAnalog2Values
                0x000000000800592c       0x60 analogValuesController/analogValuesController.o
                0x000000000800592c                readAnalog2Values
 .text.getAnalogValue1
                0x000000000800598c       0x14 analogValuesController/analogValuesController.o
                0x000000000800598c                getAnalogValue1
 .text.getAnalogValue2
                0x00000000080059a0       0x14 analogValuesController/analogValuesController.o
                0x00000000080059a0                getAnalogValue2
 .text.valuesMap
                0x00000000080059b4       0x4a analogValuesController/analogValuesController.o
                0x00000000080059b4                valuesMap
 *fill*         0x00000000080059fe        0x2 
 .text.buttonCounterIncrease
                0x0000000008005a00       0x6c buttonController/buttonController.o
                0x0000000008005a00                buttonCounterIncrease
 .text.selectButton_Listenner_For_MenuControl
                0x0000000008005a6c       0x4c buttonController/buttonController.o
                0x0000000008005a6c                selectButton_Listenner_For_MenuControl
 .text.plusButton_Listenner_For_MenuControl
                0x0000000008005ab8       0x4c buttonController/buttonController.o
                0x0000000008005ab8                plusButton_Listenner_For_MenuControl
 .text.minusButton_Listenner_For_MenuControl
                0x0000000008005b04       0x4c buttonController/buttonController.o
                0x0000000008005b04                minusButton_Listenner_For_MenuControl
 .text.btnParameterInit
                0x0000000008005b50       0x58 buttonController/buttonController.o
                0x0000000008005b50                btnParameterInit
 .text.setDriver1AngleValue
                0x0000000008005ba8       0x20 buttonController/buttonController.o
                0x0000000008005ba8                setDriver1AngleValue
 .text.setDriver2AngleValue
                0x0000000008005bc8       0x20 buttonController/buttonController.o
                0x0000000008005bc8                setDriver2AngleValue
 .text.buttonController
                0x0000000008005be8      0x324 buttonController/buttonController.o
                0x0000000008005be8                buttonController
 .text.transmissionDriver1
                0x0000000008005f0c       0x30 buttonController/buttonController.o
                0x0000000008005f0c                transmissionDriver1
 .text.transmissionDriver2
                0x0000000008005f3c       0x30 buttonController/buttonController.o
                0x0000000008005f3c                transmissionDriver2
 .text.MDI_writeCommand
                0x0000000008005f6c       0x20 motorDriverInterface/motorDriverInterface.o
 .text.MDI_writeSmallData
                0x0000000008005f8c       0x20 motorDriverInterface/motorDriverInterface.o
 .text.MDI_writeBigData
                0x0000000008005fac       0x46 motorDriverInterface/motorDriverInterface.o
 .text.MDI_2byteWriteData
                0x0000000008005ff2       0x32 motorDriverInterface/motorDriverInterface.o
                0x0000000008005ff2                MDI_2byteWriteData
 .text.MDI_sendDataChannel1
                0x0000000008006024       0xe0 motorDriverInterface/motorDriverInterface.o
                0x0000000008006024                MDI_sendDataChannel1
 .text.MDI_getDataChannel1
                0x0000000008006104       0xdc motorDriverInterface/motorDriverInterface.o
                0x0000000008006104                MDI_getDataChannel1
 .text.MDI_sendDataChannel2
                0x00000000080061e0       0xe0 motorDriverInterface/motorDriverInterface.o
                0x00000000080061e0                MDI_sendDataChannel2
 .text.MDI_getDataChannel2
                0x00000000080062c0       0xdc motorDriverInterface/motorDriverInterface.o
                0x00000000080062c0                MDI_getDataChannel2
 .text.__libc_init_array
                0x000000000800639c       0x48 /opt/st/stm32cubeide_1.5.0/plugins/com.st.stm32cube.ide.mcu.externaltools.gnu-tools-for-stm32.7-2018-q2-update.linux64_1.5.0.202011040924/tools/bin/../lib/gcc/arm-none-eabi/7.3.1/../../../../arm-none-eabi/lib/thumb/v7-m/libc_nano.a(lib_a-init.o)
                0x000000000800639c                __libc_init_array
 .text.memcpy   0x00000000080063e4       0x16 /opt/st/stm32cubeide_1.5.0/plugins/com.st.stm32cube.ide.mcu.externaltools.gnu-tools-for-stm32.7-2018-q2-update.linux64_1.5.0.202011040924/tools/bin/../lib/gcc/arm-none-eabi/7.3.1/../../../../arm-none-eabi/lib/thumb/v7-m/libc_nano.a(lib_a-memcpy-stub.o)
                0x00000000080063e4                memcpy
 .text.memset   0x00000000080063fa       0x10 /opt/st/stm32cubeide_1.5.0/plugins/com.st.stm32cube.ide.mcu.externaltools.gnu-tools-for-stm32.7-2018-q2-update.linux64_1.5.0.202011040924/tools/bin/../lib/gcc/arm-none-eabi/7.3.1/../../../../arm-none-eabi/lib/thumb/v7-m/libc_nano.a(lib_a-memset.o)
                0x00000000080063fa                memset
 *(.glue_7)
 .glue_7        0x000000000800640a        0x0 linker stubs
 *(.glue_7t)
 .glue_7t       0x000000000800640a        0x0 linker stubs
 *(.eh_frame)
 *fill*         0x000000000800640a        0x2 
 .eh_frame      0x000000000800640c        0x0 /opt/st/stm32cubeide_1.5.0/plugins/com.st.stm32cube.ide.mcu.externaltools.gnu-tools-for-stm32.7-2018-q2-update.linux64_1.5.0.202011040924/tools/bin/../lib/gcc/arm-none-eabi/7.3.1/thumb/v7-m/crtbegin.o
 *(.init)
 .init          0x000000000800640c        0x4 /opt/st/stm32cubeide_1.5.0/plugins/com.st.stm32cube.ide.mcu.externaltools.gnu-tools-for-stm32.7-2018-q2-update.linux64_1.5.0.202011040924/tools/bin/../lib/gcc/arm-none-eabi/7.3.1/thumb/v7-m/crti.o
                0x000000000800640c                _init
 .init          0x0000000008006410        0x8 /opt/st/stm32cubeide_1.5.0/plugins/com.st.stm32cube.ide.mcu.externaltools.gnu-tools-for-stm32.7-2018-q2-update.linux64_1.5.0.202011040924/tools/bin/../lib/gcc/arm-none-eabi/7.3.1/thumb/v7-m/crtn.o
 *(.fini)
 .fini          0x0000000008006418        0x4 /opt/st/stm32cubeide_1.5.0/plugins/com.st.stm32cube.ide.mcu.externaltools.gnu-tools-for-stm32.7-2018-q2-update.linux64_1.5.0.202011040924/tools/bin/../lib/gcc/arm-none-eabi/7.3.1/thumb/v7-m/crti.o
                0x0000000008006418                _fini
 .fini          0x000000000800641c        0x8 /opt/st/stm32cubeide_1.5.0/plugins/com.st.stm32cube.ide.mcu.externaltools.gnu-tools-for-stm32.7-2018-q2-update.linux64_1.5.0.202011040924/tools/bin/../lib/gcc/arm-none-eabi/7.3.1/thumb/v7-m/crtn.o
                0x0000000008006424                . = ALIGN (0x4)
                0x0000000008006424                _etext = .

.vfp11_veneer   0x0000000008006424        0x0
 .vfp11_veneer  0x0000000008006424        0x0 linker stubs

.v4_bx          0x0000000008006424        0x0
 .v4_bx         0x0000000008006424        0x0 linker stubs

.iplt           0x0000000008006424        0x0
 .iplt          0x0000000008006424        0x0 /opt/st/stm32cubeide_1.5.0/plugins/com.st.stm32cube.ide.mcu.externaltools.gnu-tools-for-stm32.7-2018-q2-update.linux64_1.5.0.202011040924/tools/bin/../lib/gcc/arm-none-eabi/7.3.1/thumb/v7-m/crtbegin.o

.rodata         0x0000000008006424      0x174
                0x0000000008006424                . = ALIGN (0x4)
 *(.rodata)
 .rodata        0x0000000008006424       0x43 Core/Src/main.o
 *fill*         0x0000000008006467        0x1 
 .rodata        0x0000000008006468       0x12 Drivers/STM32F1xx_HAL_Driver/Src/stm32f1xx_hal_rcc.o
 *fill*         0x000000000800647a        0x2 
 .rodata        0x000000000800647c       0x12 Drivers/STM32F1xx_HAL_Driver/Src/stm32f1xx_hal_rcc_ex.o
 *fill*         0x000000000800648e        0x2 
 .rodata        0x0000000008006490        0x5 Middlewares/Third_Party/FreeRTOS/Source/tasks.o
 *fill*         0x0000000008006495        0x3 
 .rodata        0x0000000008006498        0xd Middlewares/Third_Party/FreeRTOS/Source/timers.o
 *(.rodata*)
 *fill*         0x00000000080064a5        0x3 
 .rodata.sendData1_attributes
                0x00000000080064a8       0x24 Core/Src/main.o
                0x00000000080064a8                sendData1_attributes
 .rodata.sendData2_attributes
                0x00000000080064cc       0x24 Core/Src/main.o
                0x00000000080064cc                sendData2_attributes
 .rodata.readAdc_attributes
                0x00000000080064f0       0x24 Core/Src/main.o
                0x00000000080064f0                readAdc_attributes
 .rodata.getData1_attributes
                0x0000000008006514       0x24 Core/Src/main.o
                0x0000000008006514                getData1_attributes
 .rodata.getData2_attributes
                0x0000000008006538       0x24 Core/Src/main.o
                0x0000000008006538                getData2_attributes
 .rodata.btnControl_attributes
                0x000000000800655c       0x24 Core/Src/main.o
                0x000000000800655c                btnControl_attributes
 .rodata.AHBPrescTable
                0x0000000008006580       0x10 Core/Src/system_stm32f1xx.o
                0x0000000008006580                AHBPrescTable
 .rodata.APBPrescTable
                0x0000000008006590        0x8 Core/Src/system_stm32f1xx.o
                0x0000000008006590                APBPrescTable
                0x0000000008006598                . = ALIGN (0x4)

.rel.dyn        0x0000000008006598        0x0
 .rel.iplt      0x0000000008006598        0x0 /opt/st/stm32cubeide_1.5.0/plugins/com.st.stm32cube.ide.mcu.externaltools.gnu-tools-for-stm32.7-2018-q2-update.linux64_1.5.0.202011040924/tools/bin/../lib/gcc/arm-none-eabi/7.3.1/thumb/v7-m/crtbegin.o

.ARM.extab      0x0000000008006598        0x0
                0x0000000008006598                . = ALIGN (0x4)
 *(.ARM.extab* .gnu.linkonce.armextab.*)
                0x0000000008006598                . = ALIGN (0x4)

.ARM            0x0000000008006598        0x0
                0x0000000008006598                . = ALIGN (0x4)
                0x0000000008006598                __exidx_start = .
 *(.ARM.exidx*)
                0x0000000008006598                __exidx_end = .
                0x0000000008006598                . = ALIGN (0x4)

.preinit_array  0x0000000008006598        0x0
                0x0000000008006598                . = ALIGN (0x4)
                0x0000000008006598                PROVIDE (__preinit_array_start = .)
 *(.preinit_array*)
                0x0000000008006598                PROVIDE (__preinit_array_end = .)
                0x0000000008006598                . = ALIGN (0x4)

.init_array     0x0000000008006598        0x4
                0x0000000008006598                . = ALIGN (0x4)
                0x0000000008006598                PROVIDE (__init_array_start = .)
 *(SORT_BY_NAME(.init_array.*))
 *(.init_array*)
 .init_array    0x0000000008006598        0x4 /opt/st/stm32cubeide_1.5.0/plugins/com.st.stm32cube.ide.mcu.externaltools.gnu-tools-for-stm32.7-2018-q2-update.linux64_1.5.0.202011040924/tools/bin/../lib/gcc/arm-none-eabi/7.3.1/thumb/v7-m/crtbegin.o
                0x000000000800659c                PROVIDE (__init_array_end = .)
                0x000000000800659c                . = ALIGN (0x4)

.fini_array     0x000000000800659c        0x4
                0x000000000800659c                . = ALIGN (0x4)
                [!provide]                        PROVIDE (__fini_array_start = .)
 *(SORT_BY_NAME(.fini_array.*))
 *(.fini_array*)
 .fini_array    0x000000000800659c        0x4 /opt/st/stm32cubeide_1.5.0/plugins/com.st.stm32cube.ide.mcu.externaltools.gnu-tools-for-stm32.7-2018-q2-update.linux64_1.5.0.202011040924/tools/bin/../lib/gcc/arm-none-eabi/7.3.1/thumb/v7-m/crtbegin.o
                [!provide]                        PROVIDE (__fini_array_end = .)
                0x00000000080065a0                . = ALIGN (0x4)
                0x00000000080065a0                _sidata = LOADADDR (.data)

.data           0x0000000020000000       0x14 load address 0x00000000080065a0
                0x0000000020000000                . = ALIGN (0x4)
                0x0000000020000000                _sdata = .
 *(.data)
 *(.data*)
 .data.SystemCoreClock
                0x0000000020000000        0x4 Core/Src/system_stm32f1xx.o
                0x0000000020000000                SystemCoreClock
 .data.uwTickPrio
                0x0000000020000004        0x4 Drivers/STM32F1xx_HAL_Driver/Src/stm32f1xx_hal.o
                0x0000000020000004                uwTickPrio
 .data.uwTickFreq
                0x0000000020000008        0x1 Drivers/STM32F1xx_HAL_Driver/Src/stm32f1xx_hal.o
                0x0000000020000008                uwTickFreq
 *fill*         0x0000000020000009        0x3 
 .data.uxCriticalNesting
                0x000000002000000c        0x4 Middlewares/Third_Party/FreeRTOS/Source/portable/GCC/ARM_CM3/port.o
 .data.selectedMDI.6267
                0x0000000020000010        0x1 buttonController/buttonController.o
 *(.RamFunc)
 *(.RamFunc*)
                0x0000000020000014                . = ALIGN (0x4)
 *fill*         0x0000000020000011        0x3 
                0x0000000020000014                _edata = .

.igot.plt       0x0000000020000014        0x0 load address 0x00000000080065b4
 .igot.plt      0x0000000020000014        0x0 /opt/st/stm32cubeide_1.5.0/plugins/com.st.stm32cube.ide.mcu.externaltools.gnu-tools-for-stm32.7-2018-q2-update.linux64_1.5.0.202011040924/tools/bin/../lib/gcc/arm-none-eabi/7.3.1/thumb/v7-m/crtbegin.o
                0x0000000020000014                . = ALIGN (0x4)

.bss            0x0000000020000014     0x3744 load address 0x00000000080065b4
                0x0000000020000014                _sbss = .
                0x0000000020000014                __bss_start__ = _sbss
 *(.bss)
 .bss           0x0000000020000014       0x1c /opt/st/stm32cubeide_1.5.0/plugins/com.st.stm32cube.ide.mcu.externaltools.gnu-tools-for-stm32.7-2018-q2-update.linux64_1.5.0.202011040924/tools/bin/../lib/gcc/arm-none-eabi/7.3.1/thumb/v7-m/crtbegin.o
 *(.bss*)
 .bss.KernelState
                0x0000000020000030        0x4 Middlewares/Third_Party/FreeRTOS/Source/CMSIS_RTOS_V2/cmsis_os2.o
 .bss.Idle_TCB  0x0000000020000034       0x5c Middlewares/Third_Party/FreeRTOS/Source/CMSIS_RTOS_V2/cmsis_os2.o
 .bss.Idle_Stack
                0x0000000020000090      0x200 Middlewares/Third_Party/FreeRTOS/Source/CMSIS_RTOS_V2/cmsis_os2.o
 .bss.Timer_TCB
                0x0000000020000290       0x5c Middlewares/Third_Party/FreeRTOS/Source/CMSIS_RTOS_V2/cmsis_os2.o
 .bss.Timer_Stack
                0x00000000200002ec      0x400 Middlewares/Third_Party/FreeRTOS/Source/CMSIS_RTOS_V2/cmsis_os2.o
 .bss.pxCurrentTCB
                0x00000000200006ec        0x4 Middlewares/Third_Party/FreeRTOS/Source/tasks.o
                0x00000000200006ec                pxCurrentTCB
 .bss.pxReadyTasksLists
                0x00000000200006f0      0x460 Middlewares/Third_Party/FreeRTOS/Source/tasks.o
 .bss.xDelayedTaskList1
                0x0000000020000b50       0x14 Middlewares/Third_Party/FreeRTOS/Source/tasks.o
 .bss.xDelayedTaskList2
                0x0000000020000b64       0x14 Middlewares/Third_Party/FreeRTOS/Source/tasks.o
 .bss.pxDelayedTaskList
                0x0000000020000b78        0x4 Middlewares/Third_Party/FreeRTOS/Source/tasks.o
 .bss.pxOverflowDelayedTaskList
                0x0000000020000b7c        0x4 Middlewares/Third_Party/FreeRTOS/Source/tasks.o
 .bss.xPendingReadyList
                0x0000000020000b80       0x14 Middlewares/Third_Party/FreeRTOS/Source/tasks.o
 .bss.xTasksWaitingTermination
                0x0000000020000b94       0x14 Middlewares/Third_Party/FreeRTOS/Source/tasks.o
 .bss.uxDeletedTasksWaitingCleanUp
                0x0000000020000ba8        0x4 Middlewares/Third_Party/FreeRTOS/Source/tasks.o
 .bss.xSuspendedTaskList
                0x0000000020000bac       0x14 Middlewares/Third_Party/FreeRTOS/Source/tasks.o
 .bss.uxCurrentNumberOfTasks
                0x0000000020000bc0        0x4 Middlewares/Third_Party/FreeRTOS/Source/tasks.o
 .bss.xTickCount
                0x0000000020000bc4        0x4 Middlewares/Third_Party/FreeRTOS/Source/tasks.o
 .bss.uxTopReadyPriority
                0x0000000020000bc8        0x4 Middlewares/Third_Party/FreeRTOS/Source/tasks.o
 .bss.xSchedulerRunning
                0x0000000020000bcc        0x4 Middlewares/Third_Party/FreeRTOS/Source/tasks.o
 .bss.uxPendedTicks
                0x0000000020000bd0        0x4 Middlewares/Third_Party/FreeRTOS/Source/tasks.o
 .bss.xYieldPending
                0x0000000020000bd4        0x4 Middlewares/Third_Party/FreeRTOS/Source/tasks.o
 .bss.xNumOfOverflows
                0x0000000020000bd8        0x4 Middlewares/Third_Party/FreeRTOS/Source/tasks.o
 .bss.uxTaskNumber
                0x0000000020000bdc        0x4 Middlewares/Third_Party/FreeRTOS/Source/tasks.o
 .bss.xNextTaskUnblockTime
                0x0000000020000be0        0x4 Middlewares/Third_Party/FreeRTOS/Source/tasks.o
 .bss.xIdleTaskHandle
                0x0000000020000be4        0x4 Middlewares/Third_Party/FreeRTOS/Source/tasks.o
 .bss.uxSchedulerSuspended
                0x0000000020000be8        0x4 Middlewares/Third_Party/FreeRTOS/Source/tasks.o
 .bss.xActiveTimerList1
                0x0000000020000bec       0x14 Middlewares/Third_Party/FreeRTOS/Source/timers.o
 .bss.xActiveTimerList2
                0x0000000020000c00       0x14 Middlewares/Third_Party/FreeRTOS/Source/timers.o
 .bss.pxCurrentTimerList
                0x0000000020000c14        0x4 Middlewares/Third_Party/FreeRTOS/Source/timers.o
 .bss.pxOverflowTimerList
                0x0000000020000c18        0x4 Middlewares/Third_Party/FreeRTOS/Source/timers.o
 .bss.xTimerQueue
                0x0000000020000c1c        0x4 Middlewares/Third_Party/FreeRTOS/Source/timers.o
 .bss.xTimerTaskHandle
                0x0000000020000c20        0x4 Middlewares/Third_Party/FreeRTOS/Source/timers.o
 .bss.xLastTime.5452
                0x0000000020000c24        0x4 Middlewares/Third_Party/FreeRTOS/Source/timers.o
 .bss.ucStaticTimerQueueStorage.5503
                0x0000000020000c28       0xa0 Middlewares/Third_Party/FreeRTOS/Source/timers.o
 .bss.xStaticTimerQueue.5502
                0x0000000020000cc8       0x50 Middlewares/Third_Party/FreeRTOS/Source/timers.o
 .bss.ucMaxSysCallPriority
                0x0000000020000d18        0x1 Middlewares/Third_Party/FreeRTOS/Source/portable/GCC/ARM_CM3/port.o
 *fill*         0x0000000020000d19        0x3 
 .bss.ulMaxPRIGROUPValue
                0x0000000020000d1c        0x4 Middlewares/Third_Party/FreeRTOS/Source/portable/GCC/ARM_CM3/port.o
 .bss.ucHeap    0x0000000020000d20     0x2800 Middlewares/Third_Party/FreeRTOS/Source/portable/MemMang/heap_4.o
 .bss.xStart    0x0000000020003520        0x8 Middlewares/Third_Party/FreeRTOS/Source/portable/MemMang/heap_4.o
 .bss.pxEnd     0x0000000020003528        0x4 Middlewares/Third_Party/FreeRTOS/Source/portable/MemMang/heap_4.o
 .bss.xFreeBytesRemaining
                0x000000002000352c        0x4 Middlewares/Third_Party/FreeRTOS/Source/portable/MemMang/heap_4.o
 .bss.xMinimumEverFreeBytesRemaining
                0x0000000020003530        0x4 Middlewares/Third_Party/FreeRTOS/Source/portable/MemMang/heap_4.o
 .bss.xBlockAllocatedBit
                0x0000000020003534        0x4 Middlewares/Third_Party/FreeRTOS/Source/portable/MemMang/heap_4.o
 .bss.selectbtncounter
                0x0000000020003538        0x2 buttonController/buttonController.o
 .bss.plusbtncounter
                0x000000002000353a        0x2 buttonController/buttonController.o
 .bss.minusbtncounter
                0x000000002000353c        0x2 buttonController/buttonController.o
 .bss.selectBtnListenner.6268
                0x000000002000353e        0x1 buttonController/buttonController.o
 *fill*         0x000000002000353f        0x1 
 .bss.item.6271
                0x0000000020003540        0x4 buttonController/buttonController.o
 .bss.plusBtnListenner.6269
                0x0000000020003544        0x1 buttonController/buttonController.o
 .bss.minusBtnListenner.6270
                0x0000000020003545        0x1 buttonController/buttonController.o
 *(COMMON)
 *fill*         0x0000000020003546        0x2 
 COMMON         0x0000000020003548      0x148 Core/Src/main.o
                0x0000000020003548                getData1Handle
                0x000000002000354c                getData2Handle
                0x0000000020003550                htim4
                0x0000000020003598                hadc2
                0x00000000200035c8                hadc1
                0x00000000200035f8                huart1
                0x0000000020003638                sendData2Handle
                0x000000002000363c                val2
                0x0000000020003640                btnControlHandle
                0x0000000020003644                sendData1Handle
                0x0000000020003648                huart2
                0x0000000020003688                val1
                0x000000002000368c                readAdcHandle
 COMMON         0x0000000020003690       0x48 Core/Src/stm32f1xx_hal_timebase_tim.o
                0x0000000020003690                htim1
 COMMON         0x00000000200036d8        0x4 Drivers/STM32F1xx_HAL_Driver/Src/stm32f1xx_hal.o
                0x00000000200036d8                uwTick
 COMMON         0x00000000200036dc       0x40 Middlewares/Third_Party/FreeRTOS/Source/queue.o
                0x00000000200036dc                xQueueRegistry
 COMMON         0x000000002000371c        0x4 analogValuesController/analogValuesController.o
                0x000000002000371c                analogValue2
                0x000000002000371e                analogValue1
 COMMON         0x0000000020003720        0xe buttonController/buttonController.o
                0x0000000020003720                drv1
                0x0000000020003728                drv2
 *fill*         0x000000002000372e        0x2 
 COMMON         0x0000000020003730       0x26 motorDriverInterface/motorDriverInterface.o
                0x0000000020003730                driver2
                0x0000000020003738                driver1
                0x0000000020003740                rec2Buff
                0x0000000020003749                getFirstData1
                0x000000002000374c                rec1Buff
                0x0000000020003755                getFirstData2
                0x0000000020003758                . = ALIGN (0x4)
 *fill*         0x0000000020003756        0x2 
                0x0000000020003758                _ebss = .
                0x0000000020003758                __bss_end__ = _ebss

._user_heap_stack
                0x0000000020003758      0x600 load address 0x00000000080065b4
                0x0000000020003758                . = ALIGN (0x8)
                [!provide]                        PROVIDE (end = .)
                0x0000000020003758                PROVIDE (_end = .)
                0x0000000020003958                . = (. + _Min_Heap_Size)
 *fill*         0x0000000020003758      0x200 
                0x0000000020003d58                . = (. + _Min_Stack_Size)
 *fill*         0x0000000020003958      0x400 
                0x0000000020003d58                . = ALIGN (0x8)

/DISCARD/
 libc.a(*)
 libm.a(*)
 libgcc.a(*)

.ARM.attributes
                0x0000000000000000       0x29
 *(.ARM.attributes)
 .ARM.attributes
                0x0000000000000000       0x1d /opt/st/stm32cubeide_1.5.0/plugins/com.st.stm32cube.ide.mcu.externaltools.gnu-tools-for-stm32.7-2018-q2-update.linux64_1.5.0.202011040924/tools/bin/../lib/gcc/arm-none-eabi/7.3.1/thumb/v7-m/crti.o
 .ARM.attributes
                0x000000000000001d       0x2d /opt/st/stm32cubeide_1.5.0/plugins/com.st.stm32cube.ide.mcu.externaltools.gnu-tools-for-stm32.7-2018-q2-update.linux64_1.5.0.202011040924/tools/bin/../lib/gcc/arm-none-eabi/7.3.1/thumb/v7-m/crtbegin.o
 .ARM.attributes
                0x000000000000004a       0x33 Core/Src/main.o
 .ARM.attributes
                0x000000000000007d       0x33 Core/Src/stm32f1xx_hal_msp.o
 .ARM.attributes
                0x00000000000000b0       0x33 Core/Src/stm32f1xx_hal_timebase_tim.o
 .ARM.attributes
                0x00000000000000e3       0x33 Core/Src/stm32f1xx_it.o
 .ARM.attributes
                0x0000000000000116       0x33 Core/Src/system_stm32f1xx.o
 .ARM.attributes
                0x0000000000000149       0x21 Core/Startup/startup_stm32f103c8tx.o
 .ARM.attributes
                0x000000000000016a       0x33 Drivers/STM32F1xx_HAL_Driver/Src/stm32f1xx_hal.o
 .ARM.attributes
                0x000000000000019d       0x33 Drivers/STM32F1xx_HAL_Driver/Src/stm32f1xx_hal_adc.o
 .ARM.attributes
                0x00000000000001d0       0x33 Drivers/STM32F1xx_HAL_Driver/Src/stm32f1xx_hal_cortex.o
 .ARM.attributes
                0x0000000000000203       0x33 Drivers/STM32F1xx_HAL_Driver/Src/stm32f1xx_hal_gpio.o
 .ARM.attributes
                0x0000000000000236       0x33 Drivers/STM32F1xx_HAL_Driver/Src/stm32f1xx_hal_rcc.o
 .ARM.attributes
                0x0000000000000269       0x33 Drivers/STM32F1xx_HAL_Driver/Src/stm32f1xx_hal_rcc_ex.o
 .ARM.attributes
                0x000000000000029c       0x33 Drivers/STM32F1xx_HAL_Driver/Src/stm32f1xx_hal_tim.o
 .ARM.attributes
                0x00000000000002cf       0x33 Drivers/STM32F1xx_HAL_Driver/Src/stm32f1xx_hal_tim_ex.o
 .ARM.attributes
                0x0000000000000302       0x33 Drivers/STM32F1xx_HAL_Driver/Src/stm32f1xx_hal_uart.o
 .ARM.attributes
                0x0000000000000335       0x33 Middlewares/Third_Party/FreeRTOS/Source/CMSIS_RTOS_V2/cmsis_os2.o
 .ARM.attributes
                0x0000000000000368       0x33 Middlewares/Third_Party/FreeRTOS/Source/list.o
 .ARM.attributes
                0x000000000000039b       0x33 Middlewares/Third_Party/FreeRTOS/Source/queue.o
 .ARM.attributes
                0x00000000000003ce       0x33 Middlewares/Third_Party/FreeRTOS/Source/tasks.o
 .ARM.attributes
                0x0000000000000401       0x33 Middlewares/Third_Party/FreeRTOS/Source/timers.o
 .ARM.attributes
                0x0000000000000434       0x33 Middlewares/Third_Party/FreeRTOS/Source/portable/GCC/ARM_CM3/port.o
 .ARM.attributes
                0x0000000000000467       0x33 Middlewares/Third_Party/FreeRTOS/Source/portable/MemMang/heap_4.o
 .ARM.attributes
                0x000000000000049a       0x33 analogValuesController/analogValuesController.o
 .ARM.attributes
                0x00000000000004cd       0x33 buttonController/buttonController.o
 .ARM.attributes
                0x0000000000000500       0x33 motorDriverInterface/motorDriverInterface.o
 .ARM.attributes
                0x0000000000000533       0x2d /opt/st/stm32cubeide_1.5.0/plugins/com.st.stm32cube.ide.mcu.externaltools.gnu-tools-for-stm32.7-2018-q2-update.linux64_1.5.0.202011040924/tools/bin/../lib/gcc/arm-none-eabi/7.3.1/../../../../arm-none-eabi/lib/thumb/v7-m/libc_nano.a(lib_a-init.o)
 .ARM.attributes
                0x0000000000000560       0x2d /opt/st/stm32cubeide_1.5.0/plugins/com.st.stm32cube.ide.mcu.externaltools.gnu-tools-for-stm32.7-2018-q2-update.linux64_1.5.0.202011040924/tools/bin/../lib/gcc/arm-none-eabi/7.3.1/../../../../arm-none-eabi/lib/thumb/v7-m/libc_nano.a(lib_a-memcpy-stub.o)
 .ARM.attributes
                0x000000000000058d       0x2d /opt/st/stm32cubeide_1.5.0/plugins/com.st.stm32cube.ide.mcu.externaltools.gnu-tools-for-stm32.7-2018-q2-update.linux64_1.5.0.202011040924/tools/bin/../lib/gcc/arm-none-eabi/7.3.1/../../../../arm-none-eabi/lib/thumb/v7-m/libc_nano.a(lib_a-memset.o)
 .ARM.attributes
                0x00000000000005ba       0x1d /opt/st/stm32cubeide_1.5.0/plugins/com.st.stm32cube.ide.mcu.externaltools.gnu-tools-for-stm32.7-2018-q2-update.linux64_1.5.0.202011040924/tools/bin/../lib/gcc/arm-none-eabi/7.3.1/thumb/v7-m/crtn.o
OUTPUT(cleaningRobot.elf elf32-littlearm)

.debug_info     0x0000000000000000    0x194a4
 .debug_info    0x0000000000000000     0x1405 Core/Src/main.o
 .debug_info    0x0000000000001405      0xfe9 Core/Src/stm32f1xx_hal_msp.o
 .debug_info    0x00000000000023ee      0x993 Core/Src/stm32f1xx_hal_timebase_tim.o
 .debug_info    0x0000000000002d81      0x73e Core/Src/stm32f1xx_it.o
 .debug_info    0x00000000000034bf      0x29a Core/Src/system_stm32f1xx.o
 .debug_info    0x0000000000003759       0x22 Core/Startup/startup_stm32f103c8tx.o
 .debug_info    0x000000000000377b      0x714 Drivers/STM32F1xx_HAL_Driver/Src/stm32f1xx_hal.o
 .debug_info    0x0000000000003e8f      0xc6c Drivers/STM32F1xx_HAL_Driver/Src/stm32f1xx_hal_adc.o
 .debug_info    0x0000000000004afb      0xb51 Drivers/STM32F1xx_HAL_Driver/Src/stm32f1xx_hal_cortex.o
 .debug_info    0x000000000000564c      0x69b Drivers/STM32F1xx_HAL_Driver/Src/stm32f1xx_hal_gpio.o
 .debug_info    0x0000000000005ce7      0x80f Drivers/STM32F1xx_HAL_Driver/Src/stm32f1xx_hal_rcc.o
 .debug_info    0x00000000000064f6      0x444 Drivers/STM32F1xx_HAL_Driver/Src/stm32f1xx_hal_rcc_ex.o
 .debug_info    0x000000000000693a     0x27ef Drivers/STM32F1xx_HAL_Driver/Src/stm32f1xx_hal_tim.o
 .debug_info    0x0000000000009129     0x136f Drivers/STM32F1xx_HAL_Driver/Src/stm32f1xx_hal_tim_ex.o
 .debug_info    0x000000000000a498     0x121b Drivers/STM32F1xx_HAL_Driver/Src/stm32f1xx_hal_uart.o
 .debug_info    0x000000000000b6b3     0x403a Middlewares/Third_Party/FreeRTOS/Source/CMSIS_RTOS_V2/cmsis_os2.o
 .debug_info    0x000000000000f6ed      0xac5 Middlewares/Third_Party/FreeRTOS/Source/list.o
 .debug_info    0x00000000000101b2     0x22e8 Middlewares/Third_Party/FreeRTOS/Source/queue.o
 .debug_info    0x000000000001249a     0x294f Middlewares/Third_Party/FreeRTOS/Source/tasks.o
 .debug_info    0x0000000000014de9     0x1a21 Middlewares/Third_Party/FreeRTOS/Source/timers.o
 .debug_info    0x000000000001680a      0x4d2 Middlewares/Third_Party/FreeRTOS/Source/portable/GCC/ARM_CM3/port.o
 .debug_info    0x0000000000016cdc      0xbea Middlewares/Third_Party/FreeRTOS/Source/portable/MemMang/heap_4.o
 .debug_info    0x00000000000178c6      0x66b analogValuesController/analogValuesController.o
 .debug_info    0x0000000000017f31      0xb0e buttonController/buttonController.o
 .debug_info    0x0000000000018a3f      0xa65 motorDriverInterface/motorDriverInterface.o

.debug_abbrev   0x0000000000000000     0x33fa
 .debug_abbrev  0x0000000000000000      0x25e Core/Src/main.o
 .debug_abbrev  0x000000000000025e      0x1de Core/Src/stm32f1xx_hal_msp.o
 .debug_abbrev  0x000000000000043c      0x19d Core/Src/stm32f1xx_hal_timebase_tim.o
 .debug_abbrev  0x00000000000005d9      0x18a Core/Src/stm32f1xx_it.o
 .debug_abbrev  0x0000000000000763      0x134 Core/Src/system_stm32f1xx.o
 .debug_abbrev  0x0000000000000897       0x12 Core/Startup/startup_stm32f103c8tx.o
 .debug_abbrev  0x00000000000008a9      0x1c7 Drivers/STM32F1xx_HAL_Driver/Src/stm32f1xx_hal.o
 .debug_abbrev  0x0000000000000a70      0x1d5 Drivers/STM32F1xx_HAL_Driver/Src/stm32f1xx_hal_adc.o
 .debug_abbrev  0x0000000000000c45      0x2d5 Drivers/STM32F1xx_HAL_Driver/Src/stm32f1xx_hal_cortex.o
 .debug_abbrev  0x0000000000000f1a      0x1c0 Drivers/STM32F1xx_HAL_Driver/Src/stm32f1xx_hal_gpio.o
 .debug_abbrev  0x00000000000010da      0x243 Drivers/STM32F1xx_HAL_Driver/Src/stm32f1xx_hal_rcc.o
 .debug_abbrev  0x000000000000131d      0x175 Drivers/STM32F1xx_HAL_Driver/Src/stm32f1xx_hal_rcc_ex.o
 .debug_abbrev  0x0000000000001492      0x230 Drivers/STM32F1xx_HAL_Driver/Src/stm32f1xx_hal_tim.o
 .debug_abbrev  0x00000000000016c2      0x236 Drivers/STM32F1xx_HAL_Driver/Src/stm32f1xx_hal_tim_ex.o
 .debug_abbrev  0x00000000000018f8      0x242 Drivers/STM32F1xx_HAL_Driver/Src/stm32f1xx_hal_uart.o
 .debug_abbrev  0x0000000000001b3a      0x3a0 Middlewares/Third_Party/FreeRTOS/Source/CMSIS_RTOS_V2/cmsis_os2.o
 .debug_abbrev  0x0000000000001eda      0x1cf Middlewares/Third_Party/FreeRTOS/Source/list.o
 .debug_abbrev  0x00000000000020a9      0x354 Middlewares/Third_Party/FreeRTOS/Source/queue.o
 .debug_abbrev  0x00000000000023fd      0x350 Middlewares/Third_Party/FreeRTOS/Source/tasks.o
 .debug_abbrev  0x000000000000274d      0x2d7 Middlewares/Third_Party/FreeRTOS/Source/timers.o
 .debug_abbrev  0x0000000000002a24      0x205 Middlewares/Third_Party/FreeRTOS/Source/portable/GCC/ARM_CM3/port.o
 .debug_abbrev  0x0000000000002c29      0x29e Middlewares/Third_Party/FreeRTOS/Source/portable/MemMang/heap_4.o
 .debug_abbrev  0x0000000000002ec7      0x198 analogValuesController/analogValuesController.o
 .debug_abbrev  0x000000000000305f      0x1bf buttonController/buttonController.o
 .debug_abbrev  0x000000000000321e      0x1dc motorDriverInterface/motorDriverInterface.o

.debug_aranges  0x0000000000000000     0x1558
 .debug_aranges
                0x0000000000000000       0x98 Core/Src/main.o
 .debug_aranges
                0x0000000000000098       0x50 Core/Src/stm32f1xx_hal_msp.o
 .debug_aranges
                0x00000000000000e8       0x30 Core/Src/stm32f1xx_hal_timebase_tim.o
 .debug_aranges
                0x0000000000000118       0x58 Core/Src/stm32f1xx_it.o
 .debug_aranges
                0x0000000000000170       0x28 Core/Src/system_stm32f1xx.o
 .debug_aranges
                0x0000000000000198       0x28 Core/Startup/startup_stm32f103c8tx.o
 .debug_aranges
                0x00000000000001c0       0xe0 Drivers/STM32F1xx_HAL_Driver/Src/stm32f1xx_hal.o
 .debug_aranges
                0x00000000000002a0       0xf0 Drivers/STM32F1xx_HAL_Driver/Src/stm32f1xx_hal_adc.o
 .debug_aranges
                0x0000000000000390      0x100 Drivers/STM32F1xx_HAL_Driver/Src/stm32f1xx_hal_cortex.o
 .debug_aranges
                0x0000000000000490       0x58 Drivers/STM32F1xx_HAL_Driver/Src/stm32f1xx_hal_gpio.o
 .debug_aranges
                0x00000000000004e8       0x90 Drivers/STM32F1xx_HAL_Driver/Src/stm32f1xx_hal_rcc.o
 .debug_aranges
                0x0000000000000578       0x30 Drivers/STM32F1xx_HAL_Driver/Src/stm32f1xx_hal_rcc_ex.o
 .debug_aranges
                0x00000000000005a8      0x3d0 Drivers/STM32F1xx_HAL_Driver/Src/stm32f1xx_hal_tim.o
 .debug_aranges
                0x0000000000000978      0x168 Drivers/STM32F1xx_HAL_Driver/Src/stm32f1xx_hal_tim_ex.o
 .debug_aranges
                0x0000000000000ae0      0x1d0 Drivers/STM32F1xx_HAL_Driver/Src/stm32f1xx_hal_uart.o
 .debug_aranges
                0x0000000000000cb0      0x228 Middlewares/Third_Party/FreeRTOS/Source/CMSIS_RTOS_V2/cmsis_os2.o
 .debug_aranges
                0x0000000000000ed8       0x40 Middlewares/Third_Party/FreeRTOS/Source/list.o
 .debug_aranges
                0x0000000000000f18      0x158 Middlewares/Third_Party/FreeRTOS/Source/queue.o
 .debug_aranges
                0x0000000000001070      0x1f8 Middlewares/Third_Party/FreeRTOS/Source/tasks.o
 .debug_aranges
                0x0000000000001268       0xe0 Middlewares/Third_Party/FreeRTOS/Source/timers.o
 .debug_aranges
                0x0000000000001348       0x78 Middlewares/Third_Party/FreeRTOS/Source/portable/GCC/ARM_CM3/port.o
 .debug_aranges
                0x00000000000013c0       0x50 Middlewares/Third_Party/FreeRTOS/Source/portable/MemMang/heap_4.o
 .debug_aranges
                0x0000000000001410       0x38 analogValuesController/analogValuesController.o
 .debug_aranges
                0x0000000000001448       0x68 buttonController/buttonController.o
 .debug_aranges
                0x00000000000014b0       0xa8 motorDriverInterface/motorDriverInterface.o

.debug_ranges   0x0000000000000000     0x13d0
 .debug_ranges  0x0000000000000000       0x88 Core/Src/main.o
 .debug_ranges  0x0000000000000088       0x40 Core/Src/stm32f1xx_hal_msp.o
 .debug_ranges  0x00000000000000c8       0x20 Core/Src/stm32f1xx_hal_timebase_tim.o
 .debug_ranges  0x00000000000000e8       0x48 Core/Src/stm32f1xx_it.o
 .debug_ranges  0x0000000000000130       0x18 Core/Src/system_stm32f1xx.o
 .debug_ranges  0x0000000000000148       0x20 Core/Startup/startup_stm32f103c8tx.o
 .debug_ranges  0x0000000000000168       0xd0 Drivers/STM32F1xx_HAL_Driver/Src/stm32f1xx_hal.o
 .debug_ranges  0x0000000000000238       0xe0 Drivers/STM32F1xx_HAL_Driver/Src/stm32f1xx_hal_adc.o
 .debug_ranges  0x0000000000000318       0xf0 Drivers/STM32F1xx_HAL_Driver/Src/stm32f1xx_hal_cortex.o
 .debug_ranges  0x0000000000000408       0x48 Drivers/STM32F1xx_HAL_Driver/Src/stm32f1xx_hal_gpio.o
 .debug_ranges  0x0000000000000450       0x80 Drivers/STM32F1xx_HAL_Driver/Src/stm32f1xx_hal_rcc.o
 .debug_ranges  0x00000000000004d0       0x20 Drivers/STM32F1xx_HAL_Driver/Src/stm32f1xx_hal_rcc_ex.o
 .debug_ranges  0x00000000000004f0      0x3c0 Drivers/STM32F1xx_HAL_Driver/Src/stm32f1xx_hal_tim.o
 .debug_ranges  0x00000000000008b0      0x158 Drivers/STM32F1xx_HAL_Driver/Src/stm32f1xx_hal_tim_ex.o
 .debug_ranges  0x0000000000000a08      0x1c0 Drivers/STM32F1xx_HAL_Driver/Src/stm32f1xx_hal_uart.o
 .debug_ranges  0x0000000000000bc8      0x218 Middlewares/Third_Party/FreeRTOS/Source/CMSIS_RTOS_V2/cmsis_os2.o
 .debug_ranges  0x0000000000000de0       0x30 Middlewares/Third_Party/FreeRTOS/Source/list.o
 .debug_ranges  0x0000000000000e10      0x148 Middlewares/Third_Party/FreeRTOS/Source/queue.o
 .debug_ranges  0x0000000000000f58      0x1e8 Middlewares/Third_Party/FreeRTOS/Source/tasks.o
 .debug_ranges  0x0000000000001140       0xd0 Middlewares/Third_Party/FreeRTOS/Source/timers.o
 .debug_ranges  0x0000000000001210       0x68 Middlewares/Third_Party/FreeRTOS/Source/portable/GCC/ARM_CM3/port.o
 .debug_ranges  0x0000000000001278       0x40 Middlewares/Third_Party/FreeRTOS/Source/portable/MemMang/heap_4.o
 .debug_ranges  0x00000000000012b8       0x28 analogValuesController/analogValuesController.o
 .debug_ranges  0x00000000000012e0       0x58 buttonController/buttonController.o
 .debug_ranges  0x0000000000001338       0x98 motorDriverInterface/motorDriverInterface.o

.debug_macro    0x0000000000000000     0x3287
 .debug_macro   0x0000000000000000      0x263 Core/Src/main.o
 .debug_macro   0x0000000000000263       0x5b Core/Src/main.o
 .debug_macro   0x00000000000002be       0x74 Core/Src/main.o
 .debug_macro   0x0000000000000332      0x122 Core/Src/main.o
 .debug_macro   0x0000000000000454       0xdd Core/Src/main.o
 .debug_macro   0x0000000000000531       0x22 Core/Src/main.o
 .debug_macro   0x0000000000000553       0x16 Core/Src/main.o
 .debug_macro   0x0000000000000569       0x22 Core/Src/main.o
 .debug_macro   0x000000000000058b       0x34 Core/Src/main.o
 .debug_macro   0x00000000000005bf      0x1c6 Core/Src/stm32f1xx_hal_msp.o
 .debug_macro   0x0000000000000785      0x1b7 Core/Src/stm32f1xx_hal_timebase_tim.o
 .debug_macro   0x000000000000093c      0x1d0 Core/Src/stm32f1xx_it.o
 .debug_macro   0x0000000000000b0c      0x1b7 Core/Src/system_stm32f1xx.o
 .debug_macro   0x0000000000000cc3      0x1db Drivers/STM32F1xx_HAL_Driver/Src/stm32f1xx_hal.o
 .debug_macro   0x0000000000000e9e      0x1d4 Drivers/STM32F1xx_HAL_Driver/Src/stm32f1xx_hal_adc.o
 .debug_macro   0x0000000000001072      0x1b7 Drivers/STM32F1xx_HAL_Driver/Src/stm32f1xx_hal_cortex.o
 .debug_macro   0x0000000000001229      0x222 Drivers/STM32F1xx_HAL_Driver/Src/stm32f1xx_hal_gpio.o
 .debug_macro   0x000000000000144b      0x1c9 Drivers/STM32F1xx_HAL_Driver/Src/stm32f1xx_hal_rcc.o
 .debug_macro   0x0000000000001614      0x1b7 Drivers/STM32F1xx_HAL_Driver/Src/stm32f1xx_hal_rcc_ex.o
 .debug_macro   0x00000000000017cb      0x1b8 Drivers/STM32F1xx_HAL_Driver/Src/stm32f1xx_hal_tim.o
 .debug_macro   0x0000000000001983      0x1b7 Drivers/STM32F1xx_HAL_Driver/Src/stm32f1xx_hal_tim_ex.o
 .debug_macro   0x0000000000001b3a      0x1b8 Drivers/STM32F1xx_HAL_Driver/Src/stm32f1xx_hal_uart.o
 .debug_macro   0x0000000000001cf2      0x23a Middlewares/Third_Party/FreeRTOS/Source/CMSIS_RTOS_V2/cmsis_os2.o
 .debug_macro   0x0000000000001f2c       0x10 Middlewares/Third_Party/FreeRTOS/Source/CMSIS_RTOS_V2/cmsis_os2.o
 .debug_macro   0x0000000000001f3c       0x20 Middlewares/Third_Party/FreeRTOS/Source/CMSIS_RTOS_V2/cmsis_os2.o
 .debug_macro   0x0000000000001f5c       0x10 Middlewares/Third_Party/FreeRTOS/Source/CMSIS_RTOS_V2/cmsis_os2.o
 .debug_macro   0x0000000000001f6c       0xb7 Middlewares/Third_Party/FreeRTOS/Source/CMSIS_RTOS_V2/cmsis_os2.o
 .debug_macro   0x0000000000002023       0x91 Middlewares/Third_Party/FreeRTOS/Source/CMSIS_RTOS_V2/cmsis_os2.o
 .debug_macro   0x00000000000020b4       0x8d Middlewares/Third_Party/FreeRTOS/Source/CMSIS_RTOS_V2/cmsis_os2.o
 .debug_macro   0x0000000000002141       0x9a Middlewares/Third_Party/FreeRTOS/Source/CMSIS_RTOS_V2/cmsis_os2.o
 .debug_macro   0x00000000000021db      0x17a Middlewares/Third_Party/FreeRTOS/Source/list.o
 .debug_macro   0x0000000000002355      0x205 Middlewares/Third_Party/FreeRTOS/Source/queue.o
 .debug_macro   0x000000000000255a       0x16 Middlewares/Third_Party/FreeRTOS/Source/queue.o
 .debug_macro   0x0000000000002570      0x27a Middlewares/Third_Party/FreeRTOS/Source/tasks.o
 .debug_macro   0x00000000000027ea       0x10 Middlewares/Third_Party/FreeRTOS/Source/tasks.o
 .debug_macro   0x00000000000027fa      0x1bd Middlewares/Third_Party/FreeRTOS/Source/timers.o
 .debug_macro   0x00000000000029b7      0x172 Middlewares/Third_Party/FreeRTOS/Source/portable/GCC/ARM_CM3/port.o
 .debug_macro   0x0000000000002b29      0x1a1 Middlewares/Third_Party/FreeRTOS/Source/portable/MemMang/heap_4.o
 .debug_macro   0x0000000000002cca      0x1d5 analogValuesController/analogValuesController.o
 .debug_macro   0x0000000000002e9f       0x10 analogValuesController/analogValuesController.o
 .debug_macro   0x0000000000002eaf      0x1e7 buttonController/buttonController.o
 .debug_macro   0x0000000000003096      0x1d5 motorDriverInterface/motorDriverInterface.o
 .debug_macro   0x000000000000326b       0x1c motorDriverInterface/motorDriverInterface.o

.debug_line     0x0000000000000000    0x11772
 .debug_line    0x0000000000000000      0xabe Core/Src/main.o
 .debug_line    0x0000000000000abe      0x737 Core/Src/stm32f1xx_hal_msp.o
 .debug_line    0x00000000000011f5      0x6b8 Core/Src/stm32f1xx_hal_timebase_tim.o
 .debug_line    0x00000000000018ad      0x71d Core/Src/stm32f1xx_it.o
 .debug_line    0x0000000000001fca      0x6ac Core/Src/system_stm32f1xx.o
 .debug_line    0x0000000000002676       0x84 Core/Startup/startup_stm32f103c8tx.o
 .debug_line    0x00000000000026fa      0x85f Drivers/STM32F1xx_HAL_Driver/Src/stm32f1xx_hal.o
 .debug_line    0x0000000000002f59      0xbb0 Drivers/STM32F1xx_HAL_Driver/Src/stm32f1xx_hal_adc.o
 .debug_line    0x0000000000003b09      0x936 Drivers/STM32F1xx_HAL_Driver/Src/stm32f1xx_hal_cortex.o
 .debug_line    0x000000000000443f      0x85b Drivers/STM32F1xx_HAL_Driver/Src/stm32f1xx_hal_gpio.o
 .debug_line    0x0000000000004c9a      0x91f Drivers/STM32F1xx_HAL_Driver/Src/stm32f1xx_hal_rcc.o
 .debug_line    0x00000000000055b9      0x73d Drivers/STM32F1xx_HAL_Driver/Src/stm32f1xx_hal_rcc_ex.o
 .debug_line    0x0000000000005cf6     0x1fb8 Drivers/STM32F1xx_HAL_Driver/Src/stm32f1xx_hal_tim.o
 .debug_line    0x0000000000007cae     0x12c6 Drivers/STM32F1xx_HAL_Driver/Src/stm32f1xx_hal_tim_ex.o
 .debug_line    0x0000000000008f74      0xf9d Drivers/STM32F1xx_HAL_Driver/Src/stm32f1xx_hal_uart.o
 .debug_line    0x0000000000009f11     0x1df9 Middlewares/Third_Party/FreeRTOS/Source/CMSIS_RTOS_V2/cmsis_os2.o
 .debug_line    0x000000000000bd0a      0x63e Middlewares/Third_Party/FreeRTOS/Source/list.o
 .debug_line    0x000000000000c348     0x10c9 Middlewares/Third_Party/FreeRTOS/Source/queue.o
 .debug_line    0x000000000000d411     0x1415 Middlewares/Third_Party/FreeRTOS/Source/tasks.o
 .debug_line    0x000000000000e826      0x9f5 Middlewares/Third_Party/FreeRTOS/Source/timers.o
 .debug_line    0x000000000000f21b      0x639 Middlewares/Third_Party/FreeRTOS/Source/portable/GCC/ARM_CM3/port.o
 .debug_line    0x000000000000f854      0x724 Middlewares/Third_Party/FreeRTOS/Source/portable/MemMang/heap_4.o
 .debug_line    0x000000000000ff78      0x6ea analogValuesController/analogValuesController.o
 .debug_line    0x0000000000010662      0x8c4 buttonController/buttonController.o
 .debug_line    0x0000000000010f26      0x84c motorDriverInterface/motorDriverInterface.o

.debug_str      0x0000000000000000    0x9803c
 .debug_str     0x0000000000000000    0x8be2c Core/Src/main.o
                                      0x8c2ae (size before relaxing)
 .debug_str     0x000000000008be2c      0x345 Core/Src/stm32f1xx_hal_msp.o
                                      0x88484 (size before relaxing)
 .debug_str     0x000000000008c171       0xaa Core/Src/stm32f1xx_hal_timebase_tim.o
                                      0x8810a (size before relaxing)
 .debug_str     0x000000000008c21b       0xb8 Core/Src/stm32f1xx_it.o
                                      0x87e2b (size before relaxing)
 .debug_str     0x000000000008c2d3       0x52 Core/Src/system_stm32f1xx.o
                                      0x878ac (size before relaxing)
 .debug_str     0x000000000008c325       0x36 Core/Startup/startup_stm32f103c8tx.o
                                         0x62 (size before relaxing)
 .debug_str     0x000000000008c35b      0x2b9 Drivers/STM32F1xx_HAL_Driver/Src/stm32f1xx_hal.o
                                      0x87f3d (size before relaxing)
 .debug_str     0x000000000008c614      0x357 Drivers/STM32F1xx_HAL_Driver/Src/stm32f1xx_hal_adc.o
                                      0x87f3c (size before relaxing)
 .debug_str     0x000000000008c96b      0x2f7 Drivers/STM32F1xx_HAL_Driver/Src/stm32f1xx_hal_cortex.o
                                      0x87f45 (size before relaxing)
 .debug_str     0x000000000008cc62      0x340 Drivers/STM32F1xx_HAL_Driver/Src/stm32f1xx_hal_gpio.o
                                      0x87c70 (size before relaxing)
 .debug_str     0x000000000008cfa2      0x245 Drivers/STM32F1xx_HAL_Driver/Src/stm32f1xx_hal_rcc.o
                                      0x87ca9 (size before relaxing)
 .debug_str     0x000000000008d1e7       0xb9 Drivers/STM32F1xx_HAL_Driver/Src/stm32f1xx_hal_rcc_ex.o
                                      0x87a36 (size before relaxing)
 .debug_str     0x000000000008d2a0      0xdc0 Drivers/STM32F1xx_HAL_Driver/Src/stm32f1xx_hal_tim.o
                                      0x88c7b (size before relaxing)
 .debug_str     0x000000000008e060      0x517 Drivers/STM32F1xx_HAL_Driver/Src/stm32f1xx_hal_tim_ex.o
                                      0x88455 (size before relaxing)
 .debug_str     0x000000000008e577      0x52d Drivers/STM32F1xx_HAL_Driver/Src/stm32f1xx_hal_uart.o
                                      0x881af (size before relaxing)
 .debug_str     0x000000000008eaa4     0x647b Middlewares/Third_Party/FreeRTOS/Source/CMSIS_RTOS_V2/cmsis_os2.o
                                       0xdd62 (size before relaxing)
 .debug_str     0x0000000000094f1f      0x225 Middlewares/Third_Party/FreeRTOS/Source/list.o
                                       0xa3bf (size before relaxing)
 .debug_str     0x0000000000095144      0x8fd Middlewares/Third_Party/FreeRTOS/Source/queue.o
                                       0xbbe5 (size before relaxing)
 .debug_str     0x0000000000095a41     0x12f3 Middlewares/Third_Party/FreeRTOS/Source/tasks.o
                                       0xc7fb (size before relaxing)
 .debug_str     0x0000000000096d34      0x586 Middlewares/Third_Party/FreeRTOS/Source/timers.o
                                       0xc107 (size before relaxing)
 .debug_str     0x00000000000972ba      0x6ee Middlewares/Third_Party/FreeRTOS/Source/portable/GCC/ARM_CM3/port.o
                                       0x7fa3 (size before relaxing)
 .debug_str     0x00000000000979a8      0x251 Middlewares/Third_Party/FreeRTOS/Source/portable/MemMang/heap_4.o
                                       0xaae2 (size before relaxing)
 .debug_str     0x0000000000097bf9       0xab analogValuesController/analogValuesController.o
                                      0x87ca8 (size before relaxing)
 .debug_str     0x0000000000097ca4      0x1b0 buttonController/buttonController.o
                                      0x882dd (size before relaxing)
 .debug_str     0x0000000000097e54      0x1e8 motorDriverInterface/motorDriverInterface.o
                                      0x87eca (size before relaxing)

.comment        0x0000000000000000       0x7b
 .comment       0x0000000000000000       0x7b Core/Src/main.o
                                         0x7c (size before relaxing)
 .comment       0x000000000000007b       0x7c Core/Src/stm32f1xx_hal_msp.o
 .comment       0x000000000000007b       0x7c Core/Src/stm32f1xx_hal_timebase_tim.o
 .comment       0x000000000000007b       0x7c Core/Src/stm32f1xx_it.o
 .comment       0x000000000000007b       0x7c Core/Src/system_stm32f1xx.o
 .comment       0x000000000000007b       0x7c Drivers/STM32F1xx_HAL_Driver/Src/stm32f1xx_hal.o
 .comment       0x000000000000007b       0x7c Drivers/STM32F1xx_HAL_Driver/Src/stm32f1xx_hal_adc.o
 .comment       0x000000000000007b       0x7c Drivers/STM32F1xx_HAL_Driver/Src/stm32f1xx_hal_cortex.o
 .comment       0x000000000000007b       0x7c Drivers/STM32F1xx_HAL_Driver/Src/stm32f1xx_hal_gpio.o
 .comment       0x000000000000007b       0x7c Drivers/STM32F1xx_HAL_Driver/Src/stm32f1xx_hal_rcc.o
 .comment       0x000000000000007b       0x7c Drivers/STM32F1xx_HAL_Driver/Src/stm32f1xx_hal_rcc_ex.o
 .comment       0x000000000000007b       0x7c Drivers/STM32F1xx_HAL_Driver/Src/stm32f1xx_hal_tim.o
 .comment       0x000000000000007b       0x7c Drivers/STM32F1xx_HAL_Driver/Src/stm32f1xx_hal_tim_ex.o
 .comment       0x000000000000007b       0x7c Drivers/STM32F1xx_HAL_Driver/Src/stm32f1xx_hal_uart.o
 .comment       0x000000000000007b       0x7c Middlewares/Third_Party/FreeRTOS/Source/CMSIS_RTOS_V2/cmsis_os2.o
 .comment       0x000000000000007b       0x7c Middlewares/Third_Party/FreeRTOS/Source/list.o
 .comment       0x000000000000007b       0x7c Middlewares/Third_Party/FreeRTOS/Source/queue.o
 .comment       0x000000000000007b       0x7c Middlewares/Third_Party/FreeRTOS/Source/tasks.o
 .comment       0x000000000000007b       0x7c Middlewares/Third_Party/FreeRTOS/Source/timers.o
 .comment       0x000000000000007b       0x7c Middlewares/Third_Party/FreeRTOS/Source/portable/GCC/ARM_CM3/port.o
 .comment       0x000000000000007b       0x7c Middlewares/Third_Party/FreeRTOS/Source/portable/MemMang/heap_4.o
 .comment       0x000000000000007b       0x7c analogValuesController/analogValuesController.o
 .comment       0x000000000000007b       0x7c buttonController/buttonController.o
 .comment       0x000000000000007b       0x7c motorDriverInterface/motorDriverInterface.o

.debug_frame    0x0000000000000000     0x5864
 .debug_frame   0x0000000000000000      0x214 Core/Src/main.o
 .debug_frame   0x0000000000000214      0x10c Core/Src/stm32f1xx_hal_msp.o
 .debug_frame   0x0000000000000320       0x74 Core/Src/stm32f1xx_hal_timebase_tim.o
 .debug_frame   0x0000000000000394       0xe0 Core/Src/stm32f1xx_it.o
 .debug_frame   0x0000000000000474       0x58 Core/Src/system_stm32f1xx.o
 .debug_frame   0x00000000000004cc      0x334 Drivers/STM32F1xx_HAL_Driver/Src/stm32f1xx_hal.o
 .debug_frame   0x0000000000000800      0x40c Drivers/STM32F1xx_HAL_Driver/Src/stm32f1xx_hal_adc.o
 .debug_frame   0x0000000000000c0c      0x428 Drivers/STM32F1xx_HAL_Driver/Src/stm32f1xx_hal_cortex.o
 .debug_frame   0x0000000000001034      0x14c Drivers/STM32F1xx_HAL_Driver/Src/stm32f1xx_hal_gpio.o
 .debug_frame   0x0000000000001180      0x21c Drivers/STM32F1xx_HAL_Driver/Src/stm32f1xx_hal_rcc.o
 .debug_frame   0x000000000000139c       0x84 Drivers/STM32F1xx_HAL_Driver/Src/stm32f1xx_hal_rcc_ex.o
 .debug_frame   0x0000000000001420     0x11b8 Drivers/STM32F1xx_HAL_Driver/Src/stm32f1xx_hal_tim.o
 .debug_frame   0x00000000000025d8      0x638 Drivers/STM32F1xx_HAL_Driver/Src/stm32f1xx_hal_tim_ex.o
 .debug_frame   0x0000000000002c10      0x834 Drivers/STM32F1xx_HAL_Driver/Src/stm32f1xx_hal_uart.o
 .debug_frame   0x0000000000003444      0x980 Middlewares/Third_Party/FreeRTOS/Source/CMSIS_RTOS_V2/cmsis_os2.o
 .debug_frame   0x0000000000003dc4       0xd8 Middlewares/Third_Party/FreeRTOS/Source/list.o
 .debug_frame   0x0000000000003e9c      0x5ec Middlewares/Third_Party/FreeRTOS/Source/queue.o
 .debug_frame   0x0000000000004488      0x8a8 Middlewares/Third_Party/FreeRTOS/Source/tasks.o
 .debug_frame   0x0000000000004d30      0x3b4 Middlewares/Third_Party/FreeRTOS/Source/timers.o
 .debug_frame   0x00000000000050e4      0x198 Middlewares/Third_Party/FreeRTOS/Source/portable/GCC/ARM_CM3/port.o
 .debug_frame   0x000000000000527c      0x108 Middlewares/Third_Party/FreeRTOS/Source/portable/MemMang/heap_4.o
 .debug_frame   0x0000000000005384       0x9c analogValuesController/analogValuesController.o
 .debug_frame   0x0000000000005420      0x158 buttonController/buttonController.o
 .debug_frame   0x0000000000005578      0x278 motorDriverInterface/motorDriverInterface.o
 .debug_frame   0x00000000000057f0       0x2c /opt/st/stm32cubeide_1.5.0/plugins/com.st.stm32cube.ide.mcu.externaltools.gnu-tools-for-stm32.7-2018-q2-update.linux64_1.5.0.202011040924/tools/bin/../lib/gcc/arm-none-eabi/7.3.1/../../../../arm-none-eabi/lib/thumb/v7-m/libc_nano.a(lib_a-init.o)
 .debug_frame   0x000000000000581c       0x28 /opt/st/stm32cubeide_1.5.0/plugins/com.st.stm32cube.ide.mcu.externaltools.gnu-tools-for-stm32.7-2018-q2-update.linux64_1.5.0.202011040924/tools/bin/../lib/gcc/arm-none-eabi/7.3.1/../../../../arm-none-eabi/lib/thumb/v7-m/libc_nano.a(lib_a-memcpy-stub.o)
 .debug_frame   0x0000000000005844       0x20 /opt/st/stm32cubeide_1.5.0/plugins/com.st.stm32cube.ide.mcu.externaltools.gnu-tools-for-stm32.7-2018-q2-update.linux64_1.5.0.202011040924/tools/bin/../lib/gcc/arm-none-eabi/7.3.1/../../../../arm-none-eabi/lib/thumb/v7-m/libc_nano.a(lib_a-memset.o)
