main.c:126:5:main	8	static
main.c:224:6:SystemClock_Config	88	static
main.c:270:13:MX_ADC1_Init	24	static
main.c:323:13:MX_TIM4_Init	32	static
main.c:368:13:MX_USART1_UART_Init	8	static
main.c:401:13:MX_USART3_UART_Init	8	static
main.c:434:13:MX_GPIO_Init	40	static
main.c:462:6:sendData1Task	16	static
main.c:483:6:sendData2Task	16	static
main.c:502:6:readAdcTask	32	static
main.c:527:6:getData1Task	16	static
main.c:546:6:getData2Task	16	static
main.c:565:6:btnControlTask	16	static
main.c:586:6:HAL_TIM_PeriodElapsedCallback	16	static
main.c:603:6:Error_Handler	4	static,ignoring_inline_asm
