main.c:128:5:main	8	static
main.c:227:6:SystemClock_Config	88	static
main.c:273:13:MX_ADC1_Init	24	static
main.c:318:13:MX_ADC2_Init	24	static
main.c:363:13:MX_TIM4_Init	32	static
main.c:408:13:MX_USART1_UART_Init	8	static
main.c:441:13:MX_USART2_UART_Init	8	static
main.c:474:13:MX_GPIO_Init	32	static
main.c:501:6:sendData1Task	16	static
main.c:521:6:sendData2Task	16	static
main.c:540:6:readAdcTask	32	static
main.c:565:6:getData1Task	16	static
main.c:584:6:getData2Task	16	static
main.c:603:6:btnControlTask	16	static
main.c:624:6:HAL_TIM_PeriodElapsedCallback	16	static
main.c:641:6:Error_Handler	4	static,ignoring_inline_asm
